
*** Running vivado
    with args -log Final_Project_frogger1_0_0.vds -m64 -product Vivado -mode batch -messageDb vivado.pb -notrace -source Final_Project_frogger1_0_0.tcl



****** Vivado v2024.2 (64-bit)
  **** SW Build 5239630 on Fri Nov 08 22:35:27 MST 2024
  **** IP Build 5239520 on Sun Nov 10 16:12:51 MST 2024
  **** SharedData Build 5239561 on Fri Nov 08 14:39:27 MST 2024
  **** Start of session at: Wed May  7 21:17:12 2025
    ** Copyright 1986-2022 Xilinx, Inc. All Rights Reserved.
    ** Copyright 2022-2024 Advanced Micro Devices, Inc. All Rights Reserved.

source Final_Project_frogger1_0_0.tcl -notrace
INFO: [IP_Flow 19-234] Refreshing IP repositories
INFO: [IP_Flow 19-1700] Loaded user IP repository 'c:/ece383/ip_repo/frogger1_1_0'.
INFO: [IP_Flow 19-2313] Loaded Vivado IP repository 'C:/Xilinx2/Vivado/2024.2/data/ip'.
INFO: [IP_Flow 19-6924] IPCACHE: Running cache check for IP inst: Final_Project_frogger1_0_0
Command: synth_design -top Final_Project_frogger1_0_0 -part xc7a200tsbg484-1 -incremental_mode off -mode out_of_context
Starting synth_design
Attempting to get a license for feature 'Synthesis' and/or device 'xc7a200t'
INFO: [Common 17-349] Got license for feature 'Synthesis' and/or device 'xc7a200t'
INFO: [Device 21-403] Loading part xc7a200tsbg484-1
INFO: [Synth 8-7079] Multithreading enabled for synth_design using a maximum of 2 processes.
INFO: [Synth 8-7078] Launching helper process for spawning children vivado processes
INFO: [Synth 8-7075] Helper process launched with PID 2852
---------------------------------------------------------------------------------
Starting RTL Elaboration : Time (s): cpu = 00:00:10 ; elapsed = 00:00:17 . Memory (MB): peak = 1011.113 ; gain = 467.988
---------------------------------------------------------------------------------
INFO: [Synth 8-638] synthesizing module 'Final_Project_frogger1_0_0' [c:/ece383/Final_Project/Final_Project.gen/sources_1/bd/Final_Project/ip/Final_Project_frogger1_0_0/synth/Final_Project_frogger1_0_0.vhd:86]
	Parameter C_S00_AXI_DATA_WIDTH bound to: 32 - type: integer 
	Parameter C_S00_AXI_ADDR_WIDTH bound to: 7 - type: integer 
INFO: [Synth 8-3491] module 'frogger1' declared at 'c:/ece383/Final_Project/Final_Project.gen/sources_1/bd/Final_Project/ipshared/d0d2/hdl/frogger1.vhd:5' bound to instance 'U0' of component 'frogger1' [c:/ece383/Final_Project/Final_Project.gen/sources_1/bd/Final_Project/ip/Final_Project_frogger1_0_0/synth/Final_Project_frogger1_0_0.vhd:166]
INFO: [Synth 8-638] synthesizing module 'frogger1' [c:/ece383/Final_Project/Final_Project.gen/sources_1/bd/Final_Project/ipshared/d0d2/hdl/frogger1.vhd:53]
	Parameter C_S_AXI_DATA_WIDTH bound to: 32 - type: integer 
	Parameter C_S_AXI_ADDR_WIDTH bound to: 7 - type: integer 
INFO: [Synth 8-3491] module 'frogger1_slave_lite_v1_0_S00_AXI' declared at 'c:/ece383/Final_Project/Final_Project.gen/sources_1/bd/Final_Project/ipshared/d0d2/hdl/frogger1_slave_lite_v1_0_S00_AXI.vhd:5' bound to instance 'frogger1_slave_lite_v1_0_S00_AXI_inst' of component 'frogger1_slave_lite_v1_0_S00_AXI' [c:/ece383/Final_Project/Final_Project.gen/sources_1/bd/Final_Project/ipshared/d0d2/hdl/frogger1.vhd:93]
INFO: [Synth 8-638] synthesizing module 'frogger1_slave_lite_v1_0_S00_AXI' [c:/ece383/Final_Project/Final_Project.gen/sources_1/bd/Final_Project/ipshared/d0d2/hdl/frogger1_slave_lite_v1_0_S00_AXI.vhd:90]
INFO: [Synth 8-226] default block is never used [c:/ece383/Final_Project/Final_Project.gen/sources_1/bd/Final_Project/ipshared/d0d2/hdl/frogger1_slave_lite_v1_0_S00_AXI.vhd:295]
INFO: [Synth 8-3491] module 'video' declared at 'c:/ece383/Final_Project/Final_Project.gen/sources_1/bd/Final_Project/ipshared/d0d2/src/video.vhdl:10' bound to instance 'froggerGraphics' of component 'video' [c:/ece383/Final_Project/Final_Project.gen/sources_1/bd/Final_Project/ipshared/d0d2/hdl/frogger1_slave_lite_v1_0_S00_AXI.vhd:669]
INFO: [Synth 8-638] synthesizing module 'video' [c:/ece383/Final_Project/Final_Project.gen/sources_1/bd/Final_Project/ipshared/d0d2/src/video.vhdl:27]
INFO: [Synth 8-3491] module 'clk_wiz_0' declared at 'c:/ece383/Final_Project/Final_Project.gen/sources_1/bd/Final_Project/ip/Final_Project_frogger1_0_0/src/clk_wiz_0/clk_wiz_0.v:67' bound to instance 'mmcm_adv_inst_display_clocks' of component 'clk_wiz_0' [c:/ece383/Final_Project/Final_Project.gen/sources_1/bd/Final_Project/ipshared/d0d2/src/video.vhdl:75]
INFO: [Synth 8-6157] synthesizing module 'clk_wiz_0' [c:/ece383/Final_Project/Final_Project.gen/sources_1/bd/Final_Project/ip/Final_Project_frogger1_0_0/src/clk_wiz_0/clk_wiz_0.v:67]
INFO: [Synth 8-6157] synthesizing module 'clk_wiz_0_clk_wiz' [c:/ece383/Final_Project/Final_Project.gen/sources_1/bd/Final_Project/ip/Final_Project_frogger1_0_0/src/clk_wiz_0/clk_wiz_0_clk_wiz.v:67]
INFO: [Synth 8-6157] synthesizing module 'IBUF' [C:/Xilinx2/Vivado/2024.2/scripts/rt/data/unisim_comp.v:75825]
INFO: [Synth 8-6155] done synthesizing module 'IBUF' (0#1) [C:/Xilinx2/Vivado/2024.2/scripts/rt/data/unisim_comp.v:75825]
INFO: [Synth 8-6157] synthesizing module 'MMCME2_ADV' [C:/Xilinx2/Vivado/2024.2/scripts/rt/data/unisim_comp.v:84588]
INFO: [Synth 8-6155] done synthesizing module 'MMCME2_ADV' (0#1) [C:/Xilinx2/Vivado/2024.2/scripts/rt/data/unisim_comp.v:84588]
INFO: [Synth 8-6157] synthesizing module 'BUFG' [C:/Xilinx2/Vivado/2024.2/scripts/rt/data/unisim_comp.v:2676]
INFO: [Synth 8-6155] done synthesizing module 'BUFG' (0#1) [C:/Xilinx2/Vivado/2024.2/scripts/rt/data/unisim_comp.v:2676]
INFO: [Synth 8-6155] done synthesizing module 'clk_wiz_0_clk_wiz' (0#1) [c:/ece383/Final_Project/Final_Project.gen/sources_1/bd/Final_Project/ip/Final_Project_frogger1_0_0/src/clk_wiz_0/clk_wiz_0_clk_wiz.v:67]
INFO: [Synth 8-6155] done synthesizing module 'clk_wiz_0' (0#1) [c:/ece383/Final_Project/Final_Project.gen/sources_1/bd/Final_Project/ip/Final_Project_frogger1_0_0/src/clk_wiz_0/clk_wiz_0.v:67]
INFO: [Synth 8-3491] module 'VGA' declared at 'c:/ece383/Final_Project/Final_Project.gen/sources_1/bd/Final_Project/ipshared/d0d2/src/VGA.vhd:34' bound to instance 'Inst_vga' of component 'VGA' [c:/ece383/Final_Project/Final_Project.gen/sources_1/bd/Final_Project/ipshared/d0d2/src/video.vhdl:86]
INFO: [Synth 8-638] synthesizing module 'VGA' [c:/ece383/Final_Project/Final_Project.gen/sources_1/bd/Final_Project/ipshared/d0d2/src/VGA.vhd:57]
	Parameter pixel_width bound to: 800 - type: integer 
INFO: [Synth 8-3491] module 'counter' declared at 'c:/ece383/Final_Project/Final_Project.gen/sources_1/bd/Final_Project/ipshared/d0d2/src/counter1.vhd:34' bound to instance 'uut1' of component 'counter' [c:/ece383/Final_Project/Final_Project.gen/sources_1/bd/Final_Project/ipshared/d0d2/src/VGA.vhd:104]
INFO: [Synth 8-638] synthesizing module 'counter' [c:/ece383/Final_Project/Final_Project.gen/sources_1/bd/Final_Project/ipshared/d0d2/src/counter1.vhd:43]
INFO: [Synth 8-256] done synthesizing module 'counter' (0#1) [c:/ece383/Final_Project/Final_Project.gen/sources_1/bd/Final_Project/ipshared/d0d2/src/counter1.vhd:43]
	Parameter pixel_width bound to: 525 - type: integer 
INFO: [Synth 8-3491] module 'counter' declared at 'c:/ece383/Final_Project/Final_Project.gen/sources_1/bd/Final_Project/ipshared/d0d2/src/counter1.vhd:34' bound to instance 'uut2' of component 'counter' [c:/ece383/Final_Project/Final_Project.gen/sources_1/bd/Final_Project/ipshared/d0d2/src/VGA.vhd:115]
INFO: [Synth 8-638] synthesizing module 'counter__parameterized1' [c:/ece383/Final_Project/Final_Project.gen/sources_1/bd/Final_Project/ipshared/d0d2/src/counter1.vhd:43]
INFO: [Synth 8-256] done synthesizing module 'counter__parameterized1' (0#1) [c:/ece383/Final_Project/Final_Project.gen/sources_1/bd/Final_Project/ipshared/d0d2/src/counter1.vhd:43]
INFO: [Synth 8-3491] module 'scopeFace' declared at 'c:/ece383/Final_Project/Final_Project.gen/sources_1/bd/Final_Project/ipshared/d0d2/src/scopeface.vhd:10' bound to instance 'uut3' of component 'scopeFace' [c:/ece383/Final_Project/Final_Project.gen/sources_1/bd/Final_Project/ipshared/d0d2/src/VGA.vhd:124]
INFO: [Synth 8-638] synthesizing module 'scopeFace' [c:/ece383/Final_Project/Final_Project.gen/sources_1/bd/Final_Project/ipshared/d0d2/src/scopeface.vhd:28]
WARNING: [Synth 8-614] signal 'frogX' is read in the process but is not in the sensitivity list [c:/ece383/Final_Project/Final_Project.gen/sources_1/bd/Final_Project/ipshared/d0d2/src/scopeface.vhd:491]
WARNING: [Synth 8-614] signal 'frogY' is read in the process but is not in the sensitivity list [c:/ece383/Final_Project/Final_Project.gen/sources_1/bd/Final_Project/ipshared/d0d2/src/scopeface.vhd:491]
WARNING: [Synth 8-614] signal 'spriteROM' is read in the process but is not in the sensitivity list [c:/ece383/Final_Project/Final_Project.gen/sources_1/bd/Final_Project/ipshared/d0d2/src/scopeface.vhd:491]
WARNING: [Synth 8-614] signal 'frogType' is read in the process but is not in the sensitivity list [c:/ece383/Final_Project/Final_Project.gen/sources_1/bd/Final_Project/ipshared/d0d2/src/scopeface.vhd:491]
WARNING: [Synth 8-614] signal 'lane1X' is read in the process but is not in the sensitivity list [c:/ece383/Final_Project/Final_Project.gen/sources_1/bd/Final_Project/ipshared/d0d2/src/scopeface.vhd:510]
WARNING: [Synth 8-614] signal 'spriteROM' is read in the process but is not in the sensitivity list [c:/ece383/Final_Project/Final_Project.gen/sources_1/bd/Final_Project/ipshared/d0d2/src/scopeface.vhd:510]
WARNING: [Synth 8-614] signal 'lane1X' is read in the process but is not in the sensitivity list [c:/ece383/Final_Project/Final_Project.gen/sources_1/bd/Final_Project/ipshared/d0d2/src/scopeface.vhd:528]
WARNING: [Synth 8-614] signal 'spriteROM' is read in the process but is not in the sensitivity list [c:/ece383/Final_Project/Final_Project.gen/sources_1/bd/Final_Project/ipshared/d0d2/src/scopeface.vhd:528]
WARNING: [Synth 8-614] signal 'lane2X' is read in the process but is not in the sensitivity list [c:/ece383/Final_Project/Final_Project.gen/sources_1/bd/Final_Project/ipshared/d0d2/src/scopeface.vhd:547]
WARNING: [Synth 8-614] signal 'spriteROM' is read in the process but is not in the sensitivity list [c:/ece383/Final_Project/Final_Project.gen/sources_1/bd/Final_Project/ipshared/d0d2/src/scopeface.vhd:547]
WARNING: [Synth 8-614] signal 'lane2X' is read in the process but is not in the sensitivity list [c:/ece383/Final_Project/Final_Project.gen/sources_1/bd/Final_Project/ipshared/d0d2/src/scopeface.vhd:565]
WARNING: [Synth 8-614] signal 'spriteROM' is read in the process but is not in the sensitivity list [c:/ece383/Final_Project/Final_Project.gen/sources_1/bd/Final_Project/ipshared/d0d2/src/scopeface.vhd:565]
WARNING: [Synth 8-614] signal 'lane2X' is read in the process but is not in the sensitivity list [c:/ece383/Final_Project/Final_Project.gen/sources_1/bd/Final_Project/ipshared/d0d2/src/scopeface.vhd:583]
WARNING: [Synth 8-614] signal 'spriteROM' is read in the process but is not in the sensitivity list [c:/ece383/Final_Project/Final_Project.gen/sources_1/bd/Final_Project/ipshared/d0d2/src/scopeface.vhd:583]
WARNING: [Synth 8-614] signal 'lane3X' is read in the process but is not in the sensitivity list [c:/ece383/Final_Project/Final_Project.gen/sources_1/bd/Final_Project/ipshared/d0d2/src/scopeface.vhd:602]
WARNING: [Synth 8-614] signal 'spriteROM' is read in the process but is not in the sensitivity list [c:/ece383/Final_Project/Final_Project.gen/sources_1/bd/Final_Project/ipshared/d0d2/src/scopeface.vhd:602]
WARNING: [Synth 8-614] signal 'lane3X' is read in the process but is not in the sensitivity list [c:/ece383/Final_Project/Final_Project.gen/sources_1/bd/Final_Project/ipshared/d0d2/src/scopeface.vhd:620]
WARNING: [Synth 8-614] signal 'spriteROM' is read in the process but is not in the sensitivity list [c:/ece383/Final_Project/Final_Project.gen/sources_1/bd/Final_Project/ipshared/d0d2/src/scopeface.vhd:620]
WARNING: [Synth 8-614] signal 'lane4X' is read in the process but is not in the sensitivity list [c:/ece383/Final_Project/Final_Project.gen/sources_1/bd/Final_Project/ipshared/d0d2/src/scopeface.vhd:639]
WARNING: [Synth 8-614] signal 'spriteROM' is read in the process but is not in the sensitivity list [c:/ece383/Final_Project/Final_Project.gen/sources_1/bd/Final_Project/ipshared/d0d2/src/scopeface.vhd:639]
WARNING: [Synth 8-614] signal 'lane4X' is read in the process but is not in the sensitivity list [c:/ece383/Final_Project/Final_Project.gen/sources_1/bd/Final_Project/ipshared/d0d2/src/scopeface.vhd:657]
WARNING: [Synth 8-614] signal 'spriteROM' is read in the process but is not in the sensitivity list [c:/ece383/Final_Project/Final_Project.gen/sources_1/bd/Final_Project/ipshared/d0d2/src/scopeface.vhd:657]
WARNING: [Synth 8-614] signal 'lane4X' is read in the process but is not in the sensitivity list [c:/ece383/Final_Project/Final_Project.gen/sources_1/bd/Final_Project/ipshared/d0d2/src/scopeface.vhd:675]
WARNING: [Synth 8-614] signal 'spriteROM' is read in the process but is not in the sensitivity list [c:/ece383/Final_Project/Final_Project.gen/sources_1/bd/Final_Project/ipshared/d0d2/src/scopeface.vhd:675]
WARNING: [Synth 8-614] signal 'lane4X' is read in the process but is not in the sensitivity list [c:/ece383/Final_Project/Final_Project.gen/sources_1/bd/Final_Project/ipshared/d0d2/src/scopeface.vhd:693]
WARNING: [Synth 8-614] signal 'spriteROM' is read in the process but is not in the sensitivity list [c:/ece383/Final_Project/Final_Project.gen/sources_1/bd/Final_Project/ipshared/d0d2/src/scopeface.vhd:693]
WARNING: [Synth 8-614] signal 'river6X' is read in the process but is not in the sensitivity list [c:/ece383/Final_Project/Final_Project.gen/sources_1/bd/Final_Project/ipshared/d0d2/src/scopeface.vhd:712]
WARNING: [Synth 8-614] signal 'spriteROM' is read in the process but is not in the sensitivity list [c:/ece383/Final_Project/Final_Project.gen/sources_1/bd/Final_Project/ipshared/d0d2/src/scopeface.vhd:712]
WARNING: [Synth 8-614] signal 'river6X' is read in the process but is not in the sensitivity list [c:/ece383/Final_Project/Final_Project.gen/sources_1/bd/Final_Project/ipshared/d0d2/src/scopeface.vhd:730]
WARNING: [Synth 8-614] signal 'spriteROM' is read in the process but is not in the sensitivity list [c:/ece383/Final_Project/Final_Project.gen/sources_1/bd/Final_Project/ipshared/d0d2/src/scopeface.vhd:730]
WARNING: [Synth 8-614] signal 'river6X' is read in the process but is not in the sensitivity list [c:/ece383/Final_Project/Final_Project.gen/sources_1/bd/Final_Project/ipshared/d0d2/src/scopeface.vhd:748]
WARNING: [Synth 8-614] signal 'spriteROM' is read in the process but is not in the sensitivity list [c:/ece383/Final_Project/Final_Project.gen/sources_1/bd/Final_Project/ipshared/d0d2/src/scopeface.vhd:748]
WARNING: [Synth 8-614] signal 'river6X' is read in the process but is not in the sensitivity list [c:/ece383/Final_Project/Final_Project.gen/sources_1/bd/Final_Project/ipshared/d0d2/src/scopeface.vhd:766]
WARNING: [Synth 8-614] signal 'spriteROM' is read in the process but is not in the sensitivity list [c:/ece383/Final_Project/Final_Project.gen/sources_1/bd/Final_Project/ipshared/d0d2/src/scopeface.vhd:766]
WARNING: [Synth 8-614] signal 'river6X' is read in the process but is not in the sensitivity list [c:/ece383/Final_Project/Final_Project.gen/sources_1/bd/Final_Project/ipshared/d0d2/src/scopeface.vhd:784]
WARNING: [Synth 8-614] signal 'spriteROM' is read in the process but is not in the sensitivity list [c:/ece383/Final_Project/Final_Project.gen/sources_1/bd/Final_Project/ipshared/d0d2/src/scopeface.vhd:784]
WARNING: [Synth 8-614] signal 'river6X' is read in the process but is not in the sensitivity list [c:/ece383/Final_Project/Final_Project.gen/sources_1/bd/Final_Project/ipshared/d0d2/src/scopeface.vhd:802]
WARNING: [Synth 8-614] signal 'spriteROM' is read in the process but is not in the sensitivity list [c:/ece383/Final_Project/Final_Project.gen/sources_1/bd/Final_Project/ipshared/d0d2/src/scopeface.vhd:802]
WARNING: [Synth 8-614] signal 'river6X' is read in the process but is not in the sensitivity list [c:/ece383/Final_Project/Final_Project.gen/sources_1/bd/Final_Project/ipshared/d0d2/src/scopeface.vhd:820]
WARNING: [Synth 8-614] signal 'spriteROM' is read in the process but is not in the sensitivity list [c:/ece383/Final_Project/Final_Project.gen/sources_1/bd/Final_Project/ipshared/d0d2/src/scopeface.vhd:820]
WARNING: [Synth 8-614] signal 'river6X' is read in the process but is not in the sensitivity list [c:/ece383/Final_Project/Final_Project.gen/sources_1/bd/Final_Project/ipshared/d0d2/src/scopeface.vhd:838]
WARNING: [Synth 8-614] signal 'spriteROM' is read in the process but is not in the sensitivity list [c:/ece383/Final_Project/Final_Project.gen/sources_1/bd/Final_Project/ipshared/d0d2/src/scopeface.vhd:838]
WARNING: [Synth 8-614] signal 'river7X' is read in the process but is not in the sensitivity list [c:/ece383/Final_Project/Final_Project.gen/sources_1/bd/Final_Project/ipshared/d0d2/src/scopeface.vhd:858]
WARNING: [Synth 8-614] signal 'spriteROM' is read in the process but is not in the sensitivity list [c:/ece383/Final_Project/Final_Project.gen/sources_1/bd/Final_Project/ipshared/d0d2/src/scopeface.vhd:858]
WARNING: [Synth 8-614] signal 'river7X' is read in the process but is not in the sensitivity list [c:/ece383/Final_Project/Final_Project.gen/sources_1/bd/Final_Project/ipshared/d0d2/src/scopeface.vhd:876]
WARNING: [Synth 8-614] signal 'spriteROM' is read in the process but is not in the sensitivity list [c:/ece383/Final_Project/Final_Project.gen/sources_1/bd/Final_Project/ipshared/d0d2/src/scopeface.vhd:876]
WARNING: [Synth 8-614] signal 'river7X' is read in the process but is not in the sensitivity list [c:/ece383/Final_Project/Final_Project.gen/sources_1/bd/Final_Project/ipshared/d0d2/src/scopeface.vhd:894]
WARNING: [Synth 8-614] signal 'spriteROM' is read in the process but is not in the sensitivity list [c:/ece383/Final_Project/Final_Project.gen/sources_1/bd/Final_Project/ipshared/d0d2/src/scopeface.vhd:894]
WARNING: [Synth 8-614] signal 'river7X' is read in the process but is not in the sensitivity list [c:/ece383/Final_Project/Final_Project.gen/sources_1/bd/Final_Project/ipshared/d0d2/src/scopeface.vhd:912]
WARNING: [Synth 8-614] signal 'spriteROM' is read in the process but is not in the sensitivity list [c:/ece383/Final_Project/Final_Project.gen/sources_1/bd/Final_Project/ipshared/d0d2/src/scopeface.vhd:912]
WARNING: [Synth 8-614] signal 'river7X' is read in the process but is not in the sensitivity list [c:/ece383/Final_Project/Final_Project.gen/sources_1/bd/Final_Project/ipshared/d0d2/src/scopeface.vhd:930]
WARNING: [Synth 8-614] signal 'spriteROM' is read in the process but is not in the sensitivity list [c:/ece383/Final_Project/Final_Project.gen/sources_1/bd/Final_Project/ipshared/d0d2/src/scopeface.vhd:930]
WARNING: [Synth 8-614] signal 'river7X' is read in the process but is not in the sensitivity list [c:/ece383/Final_Project/Final_Project.gen/sources_1/bd/Final_Project/ipshared/d0d2/src/scopeface.vhd:948]
WARNING: [Synth 8-614] signal 'spriteROM' is read in the process but is not in the sensitivity list [c:/ece383/Final_Project/Final_Project.gen/sources_1/bd/Final_Project/ipshared/d0d2/src/scopeface.vhd:948]
WARNING: [Synth 8-614] signal 'river7X' is read in the process but is not in the sensitivity list [c:/ece383/Final_Project/Final_Project.gen/sources_1/bd/Final_Project/ipshared/d0d2/src/scopeface.vhd:966]
WARNING: [Synth 8-614] signal 'spriteROM' is read in the process but is not in the sensitivity list [c:/ece383/Final_Project/Final_Project.gen/sources_1/bd/Final_Project/ipshared/d0d2/src/scopeface.vhd:966]
WARNING: [Synth 8-614] signal 'river7X' is read in the process but is not in the sensitivity list [c:/ece383/Final_Project/Final_Project.gen/sources_1/bd/Final_Project/ipshared/d0d2/src/scopeface.vhd:984]
WARNING: [Synth 8-614] signal 'spriteROM' is read in the process but is not in the sensitivity list [c:/ece383/Final_Project/Final_Project.gen/sources_1/bd/Final_Project/ipshared/d0d2/src/scopeface.vhd:984]
WARNING: [Synth 8-614] signal 'river7X' is read in the process but is not in the sensitivity list [c:/ece383/Final_Project/Final_Project.gen/sources_1/bd/Final_Project/ipshared/d0d2/src/scopeface.vhd:1002]
WARNING: [Synth 8-614] signal 'spriteROM' is read in the process but is not in the sensitivity list [c:/ece383/Final_Project/Final_Project.gen/sources_1/bd/Final_Project/ipshared/d0d2/src/scopeface.vhd:1002]
WARNING: [Synth 8-614] signal 'river8X' is read in the process but is not in the sensitivity list [c:/ece383/Final_Project/Final_Project.gen/sources_1/bd/Final_Project/ipshared/d0d2/src/scopeface.vhd:1020]
WARNING: [Synth 8-614] signal 'spriteROM' is read in the process but is not in the sensitivity list [c:/ece383/Final_Project/Final_Project.gen/sources_1/bd/Final_Project/ipshared/d0d2/src/scopeface.vhd:1020]
WARNING: [Synth 8-614] signal 'river8X' is read in the process but is not in the sensitivity list [c:/ece383/Final_Project/Final_Project.gen/sources_1/bd/Final_Project/ipshared/d0d2/src/scopeface.vhd:1038]
WARNING: [Synth 8-614] signal 'spriteROM' is read in the process but is not in the sensitivity list [c:/ece383/Final_Project/Final_Project.gen/sources_1/bd/Final_Project/ipshared/d0d2/src/scopeface.vhd:1038]
WARNING: [Synth 8-614] signal 'river8X' is read in the process but is not in the sensitivity list [c:/ece383/Final_Project/Final_Project.gen/sources_1/bd/Final_Project/ipshared/d0d2/src/scopeface.vhd:1056]
WARNING: [Synth 8-614] signal 'spriteROM' is read in the process but is not in the sensitivity list [c:/ece383/Final_Project/Final_Project.gen/sources_1/bd/Final_Project/ipshared/d0d2/src/scopeface.vhd:1056]
WARNING: [Synth 8-614] signal 'river8X' is read in the process but is not in the sensitivity list [c:/ece383/Final_Project/Final_Project.gen/sources_1/bd/Final_Project/ipshared/d0d2/src/scopeface.vhd:1074]
WARNING: [Synth 8-614] signal 'spriteROM' is read in the process but is not in the sensitivity list [c:/ece383/Final_Project/Final_Project.gen/sources_1/bd/Final_Project/ipshared/d0d2/src/scopeface.vhd:1074]
WARNING: [Synth 8-614] signal 'river8X' is read in the process but is not in the sensitivity list [c:/ece383/Final_Project/Final_Project.gen/sources_1/bd/Final_Project/ipshared/d0d2/src/scopeface.vhd:1092]
WARNING: [Synth 8-614] signal 'spriteROM' is read in the process but is not in the sensitivity list [c:/ece383/Final_Project/Final_Project.gen/sources_1/bd/Final_Project/ipshared/d0d2/src/scopeface.vhd:1092]
WARNING: [Synth 8-614] signal 'river8X' is read in the process but is not in the sensitivity list [c:/ece383/Final_Project/Final_Project.gen/sources_1/bd/Final_Project/ipshared/d0d2/src/scopeface.vhd:1110]
WARNING: [Synth 8-614] signal 'spriteROM' is read in the process but is not in the sensitivity list [c:/ece383/Final_Project/Final_Project.gen/sources_1/bd/Final_Project/ipshared/d0d2/src/scopeface.vhd:1110]
WARNING: [Synth 8-614] signal 'river8X' is read in the process but is not in the sensitivity list [c:/ece383/Final_Project/Final_Project.gen/sources_1/bd/Final_Project/ipshared/d0d2/src/scopeface.vhd:1128]
WARNING: [Synth 8-614] signal 'spriteROM' is read in the process but is not in the sensitivity list [c:/ece383/Final_Project/Final_Project.gen/sources_1/bd/Final_Project/ipshared/d0d2/src/scopeface.vhd:1128]
WARNING: [Synth 8-614] signal 'river8X' is read in the process but is not in the sensitivity list [c:/ece383/Final_Project/Final_Project.gen/sources_1/bd/Final_Project/ipshared/d0d2/src/scopeface.vhd:1146]
WARNING: [Synth 8-614] signal 'spriteROM' is read in the process but is not in the sensitivity list [c:/ece383/Final_Project/Final_Project.gen/sources_1/bd/Final_Project/ipshared/d0d2/src/scopeface.vhd:1146]
INFO: [Synth 8-256] done synthesizing module 'scopeFace' (0#1) [c:/ece383/Final_Project/Final_Project.gen/sources_1/bd/Final_Project/ipshared/d0d2/src/scopeface.vhd:28]
INFO: [Synth 8-3491] module 'synchronize' declared at 'c:/ece383/Final_Project/Final_Project.gen/sources_1/bd/Final_Project/ipshared/d0d2/src/synchronize.vhd:34' bound to instance 'uut4' of component 'synchronize' [c:/ece383/Final_Project/Final_Project.gen/sources_1/bd/Final_Project/ipshared/d0d2/src/VGA.vhd:142]
INFO: [Synth 8-638] synthesizing module 'synchronize' [c:/ece383/Final_Project/Final_Project.gen/sources_1/bd/Final_Project/ipshared/d0d2/src/synchronize.vhd:46]
INFO: [Synth 8-256] done synthesizing module 'synchronize' (0#1) [c:/ece383/Final_Project/Final_Project.gen/sources_1/bd/Final_Project/ipshared/d0d2/src/synchronize.vhd:46]
INFO: [Synth 8-256] done synthesizing module 'VGA' (0#1) [c:/ece383/Final_Project/Final_Project.gen/sources_1/bd/Final_Project/ipshared/d0d2/src/VGA.vhd:57]
INFO: [Synth 8-638] synthesizing module 'dvid' [c:/ece383/Final_Project/Final_Project.gen/sources_1/bd/Final_Project/ipshared/d0d2/src/dvid.vhdl:31]
INFO: [Synth 8-3491] module 'TDMS_encoder' declared at 'c:/ece383/Final_Project/Final_Project.gen/sources_1/bd/Final_Project/ipshared/d0d2/src/tdms.vhdl:14' bound to instance 'TDMS_encoder_red' of component 'TDMS_encoder' [c:/ece383/Final_Project/Final_Project.gen/sources_1/bd/Final_Project/ipshared/d0d2/src/dvid.vhdl:56]
INFO: [Synth 8-638] synthesizing module 'TDMS_encoder' [c:/ece383/Final_Project/Final_Project.gen/sources_1/bd/Final_Project/ipshared/d0d2/src/tdms.vhdl:22]
INFO: [Synth 8-256] done synthesizing module 'TDMS_encoder' (0#1) [c:/ece383/Final_Project/Final_Project.gen/sources_1/bd/Final_Project/ipshared/d0d2/src/tdms.vhdl:22]
INFO: [Synth 8-3491] module 'TDMS_encoder' declared at 'c:/ece383/Final_Project/Final_Project.gen/sources_1/bd/Final_Project/ipshared/d0d2/src/tdms.vhdl:14' bound to instance 'TDMS_encoder_green' of component 'TDMS_encoder' [c:/ece383/Final_Project/Final_Project.gen/sources_1/bd/Final_Project/ipshared/d0d2/src/dvid.vhdl:57]
INFO: [Synth 8-3491] module 'TDMS_encoder' declared at 'c:/ece383/Final_Project/Final_Project.gen/sources_1/bd/Final_Project/ipshared/d0d2/src/tdms.vhdl:14' bound to instance 'TDMS_encoder_blue' of component 'TDMS_encoder' [c:/ece383/Final_Project/Final_Project.gen/sources_1/bd/Final_Project/ipshared/d0d2/src/dvid.vhdl:58]
	Parameter DDR_ALIGNMENT bound to: C0 - type: string 
	Parameter INIT bound to: 1'b0 
	Parameter SRTYPE bound to: ASYNC - type: string 
INFO: [Synth 8-113] binding component instance 'ODDR2_red' to cell 'ODDR2' [c:/ece383/Final_Project/Final_Project.gen/sources_1/bd/Final_Project/ipshared/d0d2/src/dvid.vhdl:60]
	Parameter DDR_ALIGNMENT bound to: C0 - type: string 
	Parameter INIT bound to: 1'b0 
	Parameter SRTYPE bound to: ASYNC - type: string 
INFO: [Synth 8-113] binding component instance 'ODDR2_green' to cell 'ODDR2' [c:/ece383/Final_Project/Final_Project.gen/sources_1/bd/Final_Project/ipshared/d0d2/src/dvid.vhdl:63]
	Parameter DDR_ALIGNMENT bound to: C0 - type: string 
	Parameter INIT bound to: 1'b0 
	Parameter SRTYPE bound to: ASYNC - type: string 
INFO: [Synth 8-113] binding component instance 'ODDR2_blue' to cell 'ODDR2' [c:/ece383/Final_Project/Final_Project.gen/sources_1/bd/Final_Project/ipshared/d0d2/src/dvid.vhdl:66]
	Parameter DDR_ALIGNMENT bound to: C0 - type: string 
	Parameter INIT bound to: 1'b0 
	Parameter SRTYPE bound to: ASYNC - type: string 
INFO: [Synth 8-113] binding component instance 'ODDR2_clock' to cell 'ODDR2' [c:/ece383/Final_Project/Final_Project.gen/sources_1/bd/Final_Project/ipshared/d0d2/src/dvid.vhdl:69]
INFO: [Synth 8-256] done synthesizing module 'dvid' (0#1) [c:/ece383/Final_Project/Final_Project.gen/sources_1/bd/Final_Project/ipshared/d0d2/src/dvid.vhdl:31]
INFO: [Synth 8-113] binding component instance 'OBUFDS_blue' to cell 'OBUFDS' [c:/ece383/Final_Project/Final_Project.gen/sources_1/bd/Final_Project/ipshared/d0d2/src/video.vhdl:129]
INFO: [Synth 8-113] binding component instance 'OBUFDS_red' to cell 'OBUFDS' [c:/ece383/Final_Project/Final_Project.gen/sources_1/bd/Final_Project/ipshared/d0d2/src/video.vhdl:131]
INFO: [Synth 8-113] binding component instance 'OBUFDS_green' to cell 'OBUFDS' [c:/ece383/Final_Project/Final_Project.gen/sources_1/bd/Final_Project/ipshared/d0d2/src/video.vhdl:133]
INFO: [Synth 8-113] binding component instance 'OBUFDS_clock' to cell 'OBUFDS' [c:/ece383/Final_Project/Final_Project.gen/sources_1/bd/Final_Project/ipshared/d0d2/src/video.vhdl:135]
INFO: [Synth 8-256] done synthesizing module 'video' (0#1) [c:/ece383/Final_Project/Final_Project.gen/sources_1/bd/Final_Project/ipshared/d0d2/src/video.vhdl:27]
INFO: [Synth 8-256] done synthesizing module 'frogger1_slave_lite_v1_0_S00_AXI' (0#1) [c:/ece383/Final_Project/Final_Project.gen/sources_1/bd/Final_Project/ipshared/d0d2/hdl/frogger1_slave_lite_v1_0_S00_AXI.vhd:90]
INFO: [Synth 8-256] done synthesizing module 'frogger1' (0#1) [c:/ece383/Final_Project/Final_Project.gen/sources_1/bd/Final_Project/ipshared/d0d2/hdl/frogger1.vhd:53]
INFO: [Synth 8-256] done synthesizing module 'Final_Project_frogger1_0_0' (0#1) [c:/ece383/Final_Project/Final_Project.gen/sources_1/bd/Final_Project/ip/Final_Project_frogger1_0_0/synth/Final_Project_frogger1_0_0.vhd:86]
WARNING: [Synth 8-7129] Port clk in module synchronize is either unconnected or has no load
WARNING: [Synth 8-7129] Port frogType[31] in module scopeFace is either unconnected or has no load
WARNING: [Synth 8-7129] Port frogType[30] in module scopeFace is either unconnected or has no load
WARNING: [Synth 8-7129] Port frogType[29] in module scopeFace is either unconnected or has no load
WARNING: [Synth 8-7129] Port frogType[28] in module scopeFace is either unconnected or has no load
WARNING: [Synth 8-7129] Port frogType[27] in module scopeFace is either unconnected or has no load
WARNING: [Synth 8-7129] Port frogType[26] in module scopeFace is either unconnected or has no load
WARNING: [Synth 8-7129] Port frogType[25] in module scopeFace is either unconnected or has no load
WARNING: [Synth 8-7129] Port frogType[24] in module scopeFace is either unconnected or has no load
WARNING: [Synth 8-7129] Port frogType[23] in module scopeFace is either unconnected or has no load
WARNING: [Synth 8-7129] Port frogType[22] in module scopeFace is either unconnected or has no load
WARNING: [Synth 8-7129] Port frogType[21] in module scopeFace is either unconnected or has no load
WARNING: [Synth 8-7129] Port frogType[20] in module scopeFace is either unconnected or has no load
WARNING: [Synth 8-7129] Port frogType[19] in module scopeFace is either unconnected or has no load
WARNING: [Synth 8-7129] Port frogType[18] in module scopeFace is either unconnected or has no load
WARNING: [Synth 8-7129] Port frogType[17] in module scopeFace is either unconnected or has no load
WARNING: [Synth 8-7129] Port frogType[16] in module scopeFace is either unconnected or has no load
WARNING: [Synth 8-7129] Port frogType[15] in module scopeFace is either unconnected or has no load
WARNING: [Synth 8-7129] Port frogType[14] in module scopeFace is either unconnected or has no load
WARNING: [Synth 8-7129] Port frogType[13] in module scopeFace is either unconnected or has no load
WARNING: [Synth 8-7129] Port frogType[12] in module scopeFace is either unconnected or has no load
WARNING: [Synth 8-7129] Port frogType[11] in module scopeFace is either unconnected or has no load
WARNING: [Synth 8-7129] Port frogType[10] in module scopeFace is either unconnected or has no load
WARNING: [Synth 8-7129] Port frogType[9] in module scopeFace is either unconnected or has no load
WARNING: [Synth 8-7129] Port frogType[8] in module scopeFace is either unconnected or has no load
WARNING: [Synth 8-7129] Port frogType[7] in module scopeFace is either unconnected or has no load
WARNING: [Synth 8-7129] Port frogType[6] in module scopeFace is either unconnected or has no load
WARNING: [Synth 8-7129] Port frogType[5] in module scopeFace is either unconnected or has no load
WARNING: [Synth 8-7129] Port frogType[4] in module scopeFace is either unconnected or has no load
WARNING: [Synth 8-7129] Port frogType[31] in module video is either unconnected or has no load
WARNING: [Synth 8-7129] Port frogType[30] in module video is either unconnected or has no load
WARNING: [Synth 8-7129] Port frogType[29] in module video is either unconnected or has no load
WARNING: [Synth 8-7129] Port frogType[28] in module video is either unconnected or has no load
WARNING: [Synth 8-7129] Port frogType[27] in module video is either unconnected or has no load
WARNING: [Synth 8-7129] Port frogType[26] in module video is either unconnected or has no load
WARNING: [Synth 8-7129] Port frogType[25] in module video is either unconnected or has no load
WARNING: [Synth 8-7129] Port frogType[24] in module video is either unconnected or has no load
WARNING: [Synth 8-7129] Port frogType[23] in module video is either unconnected or has no load
WARNING: [Synth 8-7129] Port frogType[22] in module video is either unconnected or has no load
WARNING: [Synth 8-7129] Port frogType[21] in module video is either unconnected or has no load
WARNING: [Synth 8-7129] Port frogType[20] in module video is either unconnected or has no load
WARNING: [Synth 8-7129] Port frogType[19] in module video is either unconnected or has no load
WARNING: [Synth 8-7129] Port frogType[18] in module video is either unconnected or has no load
WARNING: [Synth 8-7129] Port frogType[17] in module video is either unconnected or has no load
WARNING: [Synth 8-7129] Port frogType[16] in module video is either unconnected or has no load
WARNING: [Synth 8-7129] Port frogType[15] in module video is either unconnected or has no load
WARNING: [Synth 8-7129] Port frogType[14] in module video is either unconnected or has no load
WARNING: [Synth 8-7129] Port frogType[13] in module video is either unconnected or has no load
WARNING: [Synth 8-7129] Port frogType[12] in module video is either unconnected or has no load
WARNING: [Synth 8-7129] Port frogType[11] in module video is either unconnected or has no load
WARNING: [Synth 8-7129] Port frogType[10] in module video is either unconnected or has no load
WARNING: [Synth 8-7129] Port frogType[9] in module video is either unconnected or has no load
WARNING: [Synth 8-7129] Port frogType[8] in module video is either unconnected or has no load
WARNING: [Synth 8-7129] Port frogType[7] in module video is either unconnected or has no load
WARNING: [Synth 8-7129] Port frogType[6] in module video is either unconnected or has no load
WARNING: [Synth 8-7129] Port frogType[5] in module video is either unconnected or has no load
WARNING: [Synth 8-7129] Port frogType[4] in module video is either unconnected or has no load
WARNING: [Synth 8-7129] Port frogType[3] in module video is either unconnected or has no load
WARNING: [Synth 8-7129] Port frogType[2] in module video is either unconnected or has no load
WARNING: [Synth 8-7129] Port frogType[1] in module video is either unconnected or has no load
WARNING: [Synth 8-7129] Port frogType[0] in module video is either unconnected or has no load
WARNING: [Synth 8-7129] Port S_AXI_AWPROT[2] in module frogger1_slave_lite_v1_0_S00_AXI is either unconnected or has no load
WARNING: [Synth 8-7129] Port S_AXI_AWPROT[1] in module frogger1_slave_lite_v1_0_S00_AXI is either unconnected or has no load
WARNING: [Synth 8-7129] Port S_AXI_AWPROT[0] in module frogger1_slave_lite_v1_0_S00_AXI is either unconnected or has no load
WARNING: [Synth 8-7129] Port S_AXI_ARPROT[2] in module frogger1_slave_lite_v1_0_S00_AXI is either unconnected or has no load
WARNING: [Synth 8-7129] Port S_AXI_ARPROT[1] in module frogger1_slave_lite_v1_0_S00_AXI is either unconnected or has no load
WARNING: [Synth 8-7129] Port S_AXI_ARPROT[0] in module frogger1_slave_lite_v1_0_S00_AXI is either unconnected or has no load
---------------------------------------------------------------------------------
Finished RTL Elaboration : Time (s): cpu = 00:00:16 ; elapsed = 00:00:26 . Memory (MB): peak = 1192.543 ; gain = 649.418
---------------------------------------------------------------------------------
---------------------------------------------------------------------------------
Start Handling Custom Attributes
---------------------------------------------------------------------------------
---------------------------------------------------------------------------------
Finished Handling Custom Attributes : Time (s): cpu = 00:00:17 ; elapsed = 00:00:27 . Memory (MB): peak = 1192.543 ; gain = 649.418
---------------------------------------------------------------------------------
---------------------------------------------------------------------------------
Finished RTL Optimization Phase 1 : Time (s): cpu = 00:00:17 ; elapsed = 00:00:27 . Memory (MB): peak = 1192.543 ; gain = 649.418
---------------------------------------------------------------------------------
Netlist sorting complete. Time (s): cpu = 00:00:00 ; elapsed = 00:00:00.443 . Memory (MB): peak = 1192.543 ; gain = 0.000
INFO: [Netlist 29-17] Analyzing 9 Unisim elements for replacement
WARNING: [Netlist 29-151] Pin 'C1' on instance 'U0/frogger1_slave_lite_v1_0_S00_AXI_inst/froggerGraphics/inst_dvid/ODDR2_blue' of cell type 'ODDR2' does not have an equivalent function on the new cell type 'ODDR'. Net 'clk_n' that is connected to this pin will not be connected to the replacement instance.
WARNING: [Netlist 29-151] Pin 'C1' on instance 'U0/frogger1_slave_lite_v1_0_S00_AXI_inst/froggerGraphics/inst_dvid/ODDR2_clock' of cell type 'ODDR2' does not have an equivalent function on the new cell type 'ODDR'. Net 'clk_n' that is connected to this pin will not be connected to the replacement instance.
WARNING: [Netlist 29-151] Pin 'C1' on instance 'U0/frogger1_slave_lite_v1_0_S00_AXI_inst/froggerGraphics/inst_dvid/ODDR2_green' of cell type 'ODDR2' does not have an equivalent function on the new cell type 'ODDR'. Net 'clk_n' that is connected to this pin will not be connected to the replacement instance.
WARNING: [Netlist 29-151] Pin 'C1' on instance 'U0/frogger1_slave_lite_v1_0_S00_AXI_inst/froggerGraphics/inst_dvid/ODDR2_red' of cell type 'ODDR2' does not have an equivalent function on the new cell type 'ODDR'. Net 'clk_n' that is connected to this pin will not be connected to the replacement instance.
INFO: [Netlist 29-28] Unisim Transformation completed in 0 CPU seconds
INFO: [Project 1-570] Preparing netlist for logic optimization

Processing XDC Constraints
Initializing timing engine
Parsing XDC File [c:/ece383/Final_Project/Final_Project.gen/sources_1/bd/Final_Project/ip/Final_Project_frogger1_0_0/src/clk_wiz_0/clk_wiz_0.xdc] for cell 'U0/frogger1_slave_lite_v1_0_S00_AXI_inst/froggerGraphics/mmcm_adv_inst_display_clocks/inst'
Finished Parsing XDC File [c:/ece383/Final_Project/Final_Project.gen/sources_1/bd/Final_Project/ip/Final_Project_frogger1_0_0/src/clk_wiz_0/clk_wiz_0.xdc] for cell 'U0/frogger1_slave_lite_v1_0_S00_AXI_inst/froggerGraphics/mmcm_adv_inst_display_clocks/inst'
INFO: [Project 1-236] Implementation specific constraints were found while reading constraint file [c:/ece383/Final_Project/Final_Project.gen/sources_1/bd/Final_Project/ip/Final_Project_frogger1_0_0/src/clk_wiz_0/clk_wiz_0.xdc]. These constraints will be ignored for synthesis but will be used in implementation. Impacted constraints are listed in the file [.Xil/Final_Project_frogger1_0_0_propImpl.xdc].
Resolution: To avoid this warning, move constraints listed in [.Xil/Final_Project_frogger1_0_0_propImpl.xdc] to another XDC file and exclude this new file from synthesis with the used_in_synthesis property (File Properties dialog in GUI) and re-run elaboration/synthesis.
INFO: [Timing 38-2] Deriving generated clocks
Parsing XDC File [C:/ece383/Final_Project/Final_Project.runs/Final_Project_frogger1_0_0_synth_1/dont_touch.xdc]
Finished Parsing XDC File [C:/ece383/Final_Project/Final_Project.runs/Final_Project_frogger1_0_0_synth_1/dont_touch.xdc]
INFO: [Project 1-236] Implementation specific constraints were found while reading constraint file [C:/ece383/Final_Project/Final_Project.runs/Final_Project_frogger1_0_0_synth_1/dont_touch.xdc]. These constraints will be ignored for synthesis but will be used in implementation. Impacted constraints are listed in the file [.Xil/Final_Project_frogger1_0_0_propImpl.xdc].
Resolution: To avoid this warning, move constraints listed in [.Xil/Final_Project_frogger1_0_0_propImpl.xdc] to another XDC file and exclude this new file from synthesis with the used_in_synthesis property (File Properties dialog in GUI) and re-run elaboration/synthesis.
Completed Processing XDC Constraints

Netlist sorting complete. Time (s): cpu = 00:00:00 ; elapsed = 00:00:00.002 . Memory (MB): peak = 1284.234 ; gain = 0.000
INFO: [Project 1-111] Unisim Transformation Summary:
  A total of 8 instances were transformed.
  OBUFDS => OBUFDS_DUAL_BUF (INV, OBUFDS(x2)): 4 instances
  ODDR2 => ODDR: 4 instances

Constraint Validation Runtime : Time (s): cpu = 00:00:00 ; elapsed = 00:00:00.120 . Memory (MB): peak = 1284.254 ; gain = 0.020
INFO: [Designutils 20-5008] Incremental synthesis strategy off
---------------------------------------------------------------------------------
Finished Constraint Validation : Time (s): cpu = 00:00:37 ; elapsed = 00:00:57 . Memory (MB): peak = 1284.254 ; gain = 741.129
---------------------------------------------------------------------------------
---------------------------------------------------------------------------------
Start Loading Part and Timing Information
---------------------------------------------------------------------------------
Loading part: xc7a200tsbg484-1
---------------------------------------------------------------------------------
Finished Loading Part and Timing Information : Time (s): cpu = 00:00:37 ; elapsed = 00:00:57 . Memory (MB): peak = 1284.254 ; gain = 741.129
---------------------------------------------------------------------------------
---------------------------------------------------------------------------------
Start Applying 'set_property' XDC Constraints
---------------------------------------------------------------------------------
Applied set_property keep_hierarchy = soft for U0/frogger1_slave_lite_v1_0_S00_AXI_inst/froggerGraphics/mmcm_adv_inst_display_clocks/inst. (constraint file  c:/ece383/Final_Project/Final_Project.gen/sources_1/bd/Final_Project/ip/Final_Project_frogger1_0_0/src/clk_wiz_0/clk_wiz_0.xdc, line 53).
Applied set_property KEEP_HIERARCHY = SOFT for U0/frogger1_slave_lite_v1_0_S00_AXI_inst/froggerGraphics/mmcm_adv_inst_display_clocks/inst. (constraint file  C:/ece383/Final_Project/Final_Project.runs/Final_Project_frogger1_0_0_synth_1/dont_touch.xdc, line 11).
Applied set_property KEEP_HIERARCHY = SOFT for U0/frogger1_slave_lite_v1_0_S00_AXI_inst/froggerGraphics/mmcm_adv_inst_display_clocks. (constraint file  auto generated constraint).
---------------------------------------------------------------------------------
Finished applying 'set_property' XDC Constraints : Time (s): cpu = 00:00:37 ; elapsed = 00:00:57 . Memory (MB): peak = 1284.254 ; gain = 741.129
---------------------------------------------------------------------------------
INFO: [Synth 8-802] inferred FSM for state register 'state_write_reg' in module 'frogger1_slave_lite_v1_0_S00_AXI'
INFO: [Synth 8-802] inferred FSM for state register 'state_read_reg' in module 'frogger1_slave_lite_v1_0_S00_AXI'
---------------------------------------------------------------------------------------------------
                   State |                     New Encoding |                Previous Encoding 
---------------------------------------------------------------------------------------------------
                    idle |                              001 |                               00
                   waddr |                              010 |                               10
                   wdata |                              100 |                               11
---------------------------------------------------------------------------------------------------
INFO: [Synth 8-3354] encoded FSM with state register 'state_write_reg' using encoding 'one-hot' in module 'frogger1_slave_lite_v1_0_S00_AXI'
---------------------------------------------------------------------------------------------------
                   State |                     New Encoding |                Previous Encoding 
---------------------------------------------------------------------------------------------------
                    idle |                               00 |                               00
                   raddr |                               01 |                               10
                   rdata |                               10 |                               11
---------------------------------------------------------------------------------------------------
INFO: [Synth 8-3354] encoded FSM with state register 'state_read_reg' using encoding 'sequential' in module 'frogger1_slave_lite_v1_0_S00_AXI'
---------------------------------------------------------------------------------
Finished RTL Optimization Phase 2 : Time (s): cpu = 00:00:43 ; elapsed = 00:01:09 . Memory (MB): peak = 1284.254 ; gain = 741.129
---------------------------------------------------------------------------------
---------------------------------------------------------------------------------
Start RTL Component Statistics 
---------------------------------------------------------------------------------
Detailed RTL Component Info : 
+---Adders : 
	   2 Input   12 Bit       Adders := 4     
	   3 Input   10 Bit       Adders := 38    
	   2 Input   10 Bit       Adders := 5     
	   8 Input    4 Bit       Adders := 3     
	   9 Input    4 Bit       Adders := 3     
	  11 Input    4 Bit       Adders := 3     
	   4 Input    4 Bit       Adders := 3     
	  10 Input    4 Bit       Adders := 3     
+---XORs : 
	   2 Input      1 Bit         XORs := 42    
+---Registers : 
	               32 Bit    Registers := 32    
	               10 Bit    Registers := 12    
	                7 Bit    Registers := 2     
	                4 Bit    Registers := 3     
	                2 Bit    Registers := 1     
	                1 Bit    Registers := 5     
+---Muxes : 
	   2 Input   32 Bit        Muxes := 32    
	  32 Input   32 Bit        Muxes := 32    
	   2 Input   24 Bit        Muxes := 42    
	  14 Input   24 Bit        Muxes := 10    
	   2 Input   23 Bit        Muxes := 1     
	  14 Input   23 Bit        Muxes := 7     
	   3 Input   22 Bit        Muxes := 1     
	   5 Input   10 Bit        Muxes := 6     
	   4 Input   10 Bit        Muxes := 3     
	   2 Input   10 Bit        Muxes := 9     
	   2 Input    9 Bit        Muxes := 6     
	   2 Input    5 Bit        Muxes := 1     
	   2 Input    4 Bit        Muxes := 9     
	   3 Input    3 Bit        Muxes := 1     
	   2 Input    3 Bit        Muxes := 3     
	   3 Input    2 Bit        Muxes := 1     
	   2 Input    2 Bit        Muxes := 2     
	   2 Input    1 Bit        Muxes := 11    
	   3 Input    1 Bit        Muxes := 12    
---------------------------------------------------------------------------------
Finished RTL Component Statistics 
---------------------------------------------------------------------------------
---------------------------------------------------------------------------------
Start Part Resource Summary
---------------------------------------------------------------------------------
Part Resources:
DSPs: 740 (col length:100)
BRAMs: 730 (col length: RAMB18 100 RAMB36 50)
---------------------------------------------------------------------------------
Finished Part Resource Summary
---------------------------------------------------------------------------------
---------------------------------------------------------------------------------
Start Cross Boundary and Area Optimization
---------------------------------------------------------------------------------
WARNING: [Synth 8-7129] Port s00_axi_awprot[2] in module Final_Project_frogger1_0_0 is either unconnected or has no load
WARNING: [Synth 8-7129] Port s00_axi_awprot[1] in module Final_Project_frogger1_0_0 is either unconnected or has no load
WARNING: [Synth 8-7129] Port s00_axi_awprot[0] in module Final_Project_frogger1_0_0 is either unconnected or has no load
WARNING: [Synth 8-7129] Port s00_axi_arprot[2] in module Final_Project_frogger1_0_0 is either unconnected or has no load
WARNING: [Synth 8-7129] Port s00_axi_arprot[1] in module Final_Project_frogger1_0_0 is either unconnected or has no load
WARNING: [Synth 8-7129] Port s00_axi_arprot[0] in module Final_Project_frogger1_0_0 is either unconnected or has no load
INFO: [Synth 8-5544] ROM "spriteROM[0][5][4]" won't be mapped to Block RAM because address size (4) smaller than threshold (5)
INFO: [Synth 8-5544] ROM "spriteROM[0][4][4]" won't be mapped to Block RAM because address size (4) smaller than threshold (5)
INFO: [Synth 8-5544] ROM "spriteROM[0][15][8]" won't be mapped to Block RAM because address size (4) smaller than threshold (5)
INFO: [Synth 8-5544] ROM "spriteROM[0][14][8]" won't be mapped to Block RAM because address size (4) smaller than threshold (5)
INFO: [Synth 8-5544] ROM "spriteROM[0][3][4]" won't be mapped to Block RAM because address size (4) smaller than threshold (5)
INFO: [Synth 8-5544] ROM "spriteROM[0][2][4]" won't be mapped to Block RAM because address size (4) smaller than threshold (5)
INFO: [Synth 8-5544] ROM "spriteROM[0][16][5]" won't be mapped to Block RAM because address size (4) smaller than threshold (5)
INFO: [Synth 8-5544] ROM "spriteROM[0][12][8]" won't be mapped to Block RAM because address size (4) smaller than threshold (5)
INFO: [Synth 8-5544] ROM "spriteROM[0][11][8]" won't be mapped to Block RAM because address size (4) smaller than threshold (5)
INFO: [Synth 8-5544] ROM "spriteROM[0][10][8]" won't be mapped to Block RAM because address size (4) smaller than threshold (5)
INFO: [Synth 8-5544] ROM "spriteROM[0][9][8]" won't be mapped to Block RAM because address size (4) smaller than threshold (5)
INFO: [Synth 8-5544] ROM "spriteROM[0][8][8]" won't be mapped to Block RAM because address size (4) smaller than threshold (5)
INFO: [Synth 8-5544] ROM "spriteROM[0][1][4]" won't be mapped to Block RAM because address size (4) smaller than threshold (5)
INFO: [Synth 8-5544] ROM "spriteROM[0][0][4]" won't be mapped to Block RAM because address size (4) smaller than threshold (5)
INFO: [Synth 8-5544] ROM "spriteROM[0][7][8]" won't be mapped to Block RAM because address size (4) smaller than threshold (5)
INFO: [Synth 8-5544] ROM "spriteROM[0][6][8]" won't be mapped to Block RAM because address size (4) smaller than threshold (5)
INFO: [Synth 8-5544] ROM "spriteROM[0][5][8]" won't be mapped to Block RAM because address size (4) smaller than threshold (5)
INFO: [Synth 8-5544] ROM "spriteROM[0][4][8]" won't be mapped to Block RAM because address size (4) smaller than threshold (5)
INFO: [Synth 8-5544] ROM "spriteROM[0][0][9]" won't be mapped to Block RAM because address size (4) smaller than threshold (5)
INFO: [Synth 8-5544] ROM "spriteROM[0][1][9]" won't be mapped to Block RAM because address size (4) smaller than threshold (5)
INFO: [Synth 8-5544] ROM "spriteROM[0][2][9]" won't be mapped to Block RAM because address size (4) smaller than threshold (5)
INFO: [Synth 8-5544] ROM "spriteROM[0][3][9]" won't be mapped to Block RAM because address size (4) smaller than threshold (5)
INFO: [Synth 8-5544] ROM "spriteROM[0][3][8]" won't be mapped to Block RAM because address size (4) smaller than threshold (5)
INFO: [Synth 8-5544] ROM "spriteROM[0][4][9]" won't be mapped to Block RAM because address size (4) smaller than threshold (5)
INFO: [Synth 8-5544] ROM "spriteROM[0][5][9]" won't be mapped to Block RAM because address size (4) smaller than threshold (5)
INFO: [Synth 8-5544] ROM "spriteROM[0][6][9]" won't be mapped to Block RAM because address size (4) smaller than threshold (5)
INFO: [Synth 8-5544] ROM "spriteROM[0][7][9]" won't be mapped to Block RAM because address size (4) smaller than threshold (5)
INFO: [Synth 8-5544] ROM "spriteROM[0][2][8]" won't be mapped to Block RAM because address size (4) smaller than threshold (5)
INFO: [Synth 8-5544] ROM "spriteROM[0][8][9]" won't be mapped to Block RAM because address size (4) smaller than threshold (5)
INFO: [Synth 8-5544] ROM "spriteROM[0][9][9]" won't be mapped to Block RAM because address size (4) smaller than threshold (5)
INFO: [Synth 8-5544] ROM "spriteROM[0][10][9]" won't be mapped to Block RAM because address size (4) smaller than threshold (5)
INFO: [Synth 8-5544] ROM "spriteROM[0][11][9]" won't be mapped to Block RAM because address size (4) smaller than threshold (5)
INFO: [Synth 8-5544] ROM "spriteROM[0][1][8]" won't be mapped to Block RAM because address size (4) smaller than threshold (5)
INFO: [Synth 8-5544] ROM "spriteROM[0][12][9]" won't be mapped to Block RAM because address size (4) smaller than threshold (5)
INFO: [Synth 8-5544] ROM "spriteROM[0][13][9]" won't be mapped to Block RAM because address size (4) smaller than threshold (5)
INFO: [Synth 8-5544] ROM "spriteROM[0][14][9]" won't be mapped to Block RAM because address size (4) smaller than threshold (5)
INFO: [Synth 8-5544] ROM "spriteROM[0][16][9]" won't be mapped to Block RAM because address size (4) smaller than threshold (5)
INFO: [Synth 8-5544] ROM "spriteROM[0][0][8]" won't be mapped to Block RAM because address size (4) smaller than threshold (5)
INFO: [Synth 8-5544] ROM "spriteROM[0][16][7]" won't be mapped to Block RAM because address size (4) smaller than threshold (5)
INFO: [Synth 8-5544] ROM "spriteROM[0][13][7]" won't be mapped to Block RAM because address size (4) smaller than threshold (5)
INFO: [Synth 8-5544] ROM "spriteROM[0][12][7]" won't be mapped to Block RAM because address size (4) smaller than threshold (5)
INFO: [Synth 8-5544] ROM "spriteROM[0][11][7]" won't be mapped to Block RAM because address size (4) smaller than threshold (5)
INFO: [Synth 8-5544] ROM "spriteROM[0][10][7]" won't be mapped to Block RAM because address size (4) smaller than threshold (5)
INFO: [Synth 8-5544] ROM "spriteROM[0][9][7]" won't be mapped to Block RAM because address size (4) smaller than threshold (5)
INFO: [Synth 8-5544] ROM "spriteROM[0][8][7]" won't be mapped to Block RAM because address size (4) smaller than threshold (5)
INFO: [Synth 8-5544] ROM "spriteROM[0][7][7]" won't be mapped to Block RAM because address size (4) smaller than threshold (5)
INFO: [Synth 8-5544] ROM "spriteROM[0][6][7]" won't be mapped to Block RAM because address size (4) smaller than threshold (5)
INFO: [Synth 8-5544] ROM "spriteROM[0][5][7]" won't be mapped to Block RAM because address size (4) smaller than threshold (5)
INFO: [Synth 8-5544] ROM "spriteROM[0][4][7]" won't be mapped to Block RAM because address size (4) smaller than threshold (5)
INFO: [Synth 8-5544] ROM "spriteROM[0][3][7]" won't be mapped to Block RAM because address size (4) smaller than threshold (5)
INFO: [Synth 8-5544] ROM "spriteROM[0][2][7]" won't be mapped to Block RAM because address size (4) smaller than threshold (5)
INFO: [Synth 8-5544] ROM "spriteROM[0][1][7]" won't be mapped to Block RAM because address size (4) smaller than threshold (5)
INFO: [Synth 8-5544] ROM "spriteROM[0][14][5]" won't be mapped to Block RAM because address size (4) smaller than threshold (5)
INFO: [Synth 8-5544] ROM "spriteROM[0][13][5]" won't be mapped to Block RAM because address size (4) smaller than threshold (5)
INFO: [Synth 8-5544] ROM "spriteROM[0][12][5]" won't be mapped to Block RAM because address size (4) smaller than threshold (5)
INFO: [Synth 8-5544] ROM "spriteROM[0][11][5]" won't be mapped to Block RAM because address size (4) smaller than threshold (5)
INFO: [Synth 8-5544] ROM "spriteROM[0][10][5]" won't be mapped to Block RAM because address size (4) smaller than threshold (5)
INFO: [Synth 8-5544] ROM "spriteROM[0][9][5]" won't be mapped to Block RAM because address size (4) smaller than threshold (5)
INFO: [Synth 8-5544] ROM "spriteROM[0][0][7]" won't be mapped to Block RAM because address size (4) smaller than threshold (5)
INFO: [Synth 8-5544] ROM "spriteROM[0][8][5]" won't be mapped to Block RAM because address size (4) smaller than threshold (5)
INFO: [Synth 8-5544] ROM "spriteROM[0][7][5]" won't be mapped to Block RAM because address size (4) smaller than threshold (5)
INFO: [Synth 8-5544] ROM "spriteROM[0][6][5]" won't be mapped to Block RAM because address size (4) smaller than threshold (5)
INFO: [Synth 8-5544] ROM "spriteROM[0][5][5]" won't be mapped to Block RAM because address size (4) smaller than threshold (5)
INFO: [Synth 8-5544] ROM "spriteROM[0][4][5]" won't be mapped to Block RAM because address size (4) smaller than threshold (5)
INFO: [Synth 8-5544] ROM "spriteROM[0][3][5]" won't be mapped to Block RAM because address size (4) smaller than threshold (5)
INFO: [Synth 8-5544] ROM "spriteROM[0][2][5]" won't be mapped to Block RAM because address size (4) smaller than threshold (5)
INFO: [Synth 8-5544] ROM "spriteROM[0][1][5]" won't be mapped to Block RAM because address size (4) smaller than threshold (5)
INFO: [Synth 8-5544] ROM "spriteROM[0][0][5]" won't be mapped to Block RAM because address size (4) smaller than threshold (5)
INFO: [Synth 8-5544] ROM "spriteROM[0][16][4]" won't be mapped to Block RAM because address size (4) smaller than threshold (5)
INFO: [Synth 8-5544] ROM "spriteROM[0][15][4]" won't be mapped to Block RAM because address size (4) smaller than threshold (5)
INFO: [Synth 8-5544] ROM "spriteROM[0][14][4]" won't be mapped to Block RAM because address size (4) smaller than threshold (5)
INFO: [Synth 8-5544] ROM "spriteROM[0][16][1]" won't be mapped to Block RAM because address size (4) smaller than threshold (5)
INFO: [Synth 8-5544] ROM "spriteROM[0][6][4]" won't be mapped to Block RAM because address size (4) smaller than threshold (5)
INFO: [Synth 8-5544] ROM "spriteROM[0][14][1]" won't be mapped to Block RAM because address size (4) smaller than threshold (5)
INFO: [Synth 8-5544] ROM "spriteROM[0][13][1]" won't be mapped to Block RAM because address size (4) smaller than threshold (5)
INFO: [Synth 8-5544] ROM "spriteROM[0][12][1]" won't be mapped to Block RAM because address size (4) smaller than threshold (5)
INFO: [Synth 8-5544] ROM "spriteROM[0][11][1]" won't be mapped to Block RAM because address size (4) smaller than threshold (5)
INFO: [Synth 8-5544] ROM "spriteROM[0][10][1]" won't be mapped to Block RAM because address size (4) smaller than threshold (5)
INFO: [Synth 8-5544] ROM "spriteROM[0][9][1]" won't be mapped to Block RAM because address size (4) smaller than threshold (5)
INFO: [Synth 8-5544] ROM "spriteROM[0][8][1]" won't be mapped to Block RAM because address size (4) smaller than threshold (5)
INFO: [Synth 8-5544] ROM "spriteROM[0][7][1]" won't be mapped to Block RAM because address size (4) smaller than threshold (5)
INFO: [Synth 8-5544] ROM "spriteROM[0][6][1]" won't be mapped to Block RAM because address size (4) smaller than threshold (5)
INFO: [Synth 8-5544] ROM "spriteROM[0][5][1]" won't be mapped to Block RAM because address size (4) smaller than threshold (5)
INFO: [Synth 8-5544] ROM "spriteROM[0][4][1]" won't be mapped to Block RAM because address size (4) smaller than threshold (5)
INFO: [Synth 8-5544] ROM "spriteROM[0][3][1]" won't be mapped to Block RAM because address size (4) smaller than threshold (5)
INFO: [Synth 8-5544] ROM "spriteROM[0][2][1]" won't be mapped to Block RAM because address size (4) smaller than threshold (5)
INFO: [Synth 8-5544] ROM "spriteROM[0][1][1]" won't be mapped to Block RAM because address size (4) smaller than threshold (5)
INFO: [Synth 8-5544] ROM "spriteROM[0][13][4]" won't be mapped to Block RAM because address size (4) smaller than threshold (5)
INFO: [Synth 8-5544] ROM "spriteROM[0][12][4]" won't be mapped to Block RAM because address size (4) smaller than threshold (5)
INFO: [Synth 8-5544] ROM "spriteROM[0][11][4]" won't be mapped to Block RAM because address size (4) smaller than threshold (5)
INFO: [Synth 8-5544] ROM "spriteROM[0][10][4]" won't be mapped to Block RAM because address size (4) smaller than threshold (5)
INFO: [Synth 8-5544] ROM "spriteROM[0][7][4]" won't be mapped to Block RAM because address size (4) smaller than threshold (5)
INFO: [Synth 8-5544] ROM "spriteROM[0][9][4]" won't be mapped to Block RAM because address size (4) smaller than threshold (5)
INFO: [Synth 8-5544] ROM "spriteROM[0][8][4]" won't be mapped to Block RAM because address size (4) smaller than threshold (5)
INFO: [Synth 8-5544] ROM "spriteROM[0][6][12]" won't be mapped to Block RAM because address size (4) smaller than threshold (5)
INFO: [Synth 8-5544] ROM "spriteROM[0][5][12]" won't be mapped to Block RAM because address size (4) smaller than threshold (5)
INFO: [Synth 8-5544] ROM "spriteROM[0][16][0]" won't be mapped to Block RAM because address size (4) smaller than threshold (5)
INFO: [Synth 8-5544] ROM "spriteROM[0][15][0]" won't be mapped to Block RAM because address size (4) smaller than threshold (5)
INFO: [Synth 8-5544] ROM "spriteROM[0][7][12]" won't be mapped to Block RAM because address size (4) smaller than threshold (5)
INFO: [Synth 8-5544] ROM "spriteROM[0][8][12]" won't be mapped to Block RAM because address size (4) smaller than threshold (5)
INFO: [Common 17-14] Message 'Synth 8-5544' appears 100 times and further instances of the messages will be disabled. Use the Tcl command set_msg_config to change the current settings.
INFO: [Synth 8-5546] ROM "spriteROM[0][0][3]" won't be mapped to RAM because it is too sparse
INFO: [Synth 8-5546] ROM "spriteROM[0][0][2]" won't be mapped to RAM because it is too sparse
INFO: [Synth 8-5546] ROM "spriteROM[0][0][0]" won't be mapped to RAM because it is too sparse
INFO: [Synth 8-5546] ROM "spriteROM[0][0][15]" won't be mapped to RAM because it is too sparse
INFO: [Synth 8-5546] ROM "spriteROM[0][0][0]" won't be mapped to RAM because it is too sparse
INFO: [Synth 8-5546] ROM "spriteROM[0][0][9]" won't be mapped to RAM because it is too sparse
INFO: [Synth 8-5546] ROM "spriteROM[0][0][15]" won't be mapped to RAM because it is too sparse
INFO: [Synth 8-5546] ROM "spriteROM[0][0][14]" won't be mapped to RAM because it is too sparse
INFO: [Synth 8-5546] ROM "spriteROM[0][0][13]" won't be mapped to RAM because it is too sparse
INFO: [Synth 8-5546] ROM "spriteROM[0][0][0]" won't be mapped to RAM because it is too sparse
INFO: [Synth 8-5546] ROM "spriteROM[0][0][0]" won't be mapped to RAM because it is too sparse
INFO: [Synth 8-5546] ROM "spriteROM[0][0][9]" won't be mapped to RAM because it is too sparse
INFO: [Synth 8-5546] ROM "spriteROM[0][0][15]" won't be mapped to RAM because it is too sparse
INFO: [Synth 8-5546] ROM "spriteROM[0][0][3]" won't be mapped to RAM because it is too sparse
INFO: [Synth 8-5546] ROM "spriteROM[0][0][2]" won't be mapped to RAM because it is too sparse
INFO: [Synth 8-5546] ROM "spriteROM[0][0][1]" won't be mapped to RAM because it is too sparse
INFO: [Synth 8-5546] ROM "spriteROM[0][0][0]" won't be mapped to RAM because it is too sparse
INFO: [Synth 8-5546] ROM "spriteROM[0][0][0]" won't be mapped to RAM because it is too sparse
INFO: [Synth 8-5546] ROM "spriteROM[0][0][15]" won't be mapped to RAM because it is too sparse
INFO: [Synth 8-5546] ROM "spriteROM[0][0][14]" won't be mapped to RAM because it is too sparse
INFO: [Synth 8-5546] ROM "spriteROM[0][0][13]" won't be mapped to RAM because it is too sparse
INFO: [Synth 8-5546] ROM "spriteROM[0][0][3]" won't be mapped to RAM because it is too sparse
INFO: [Synth 8-5546] ROM "spriteROM[0][0][2]" won't be mapped to RAM because it is too sparse
INFO: [Synth 8-5546] ROM "spriteROM[0][0][0]" won't be mapped to RAM because it is too sparse
INFO: [Synth 8-5546] ROM "spriteROM[0][0][15]" won't be mapped to RAM because it is too sparse
INFO: [Synth 8-5546] ROM "spriteROM[0][0][14]" won't be mapped to RAM because it is too sparse
INFO: [Synth 8-5546] ROM "spriteROM[0][0][13]" won't be mapped to RAM because it is too sparse
INFO: [Common 17-14] Message 'Synth 8-5544' appears 100 times and further instances of the messages will be disabled. Use the Tcl command set_msg_config to change the current settings.
INFO: [Synth 8-5546] ROM "spriteROM[0][0][1]" won't be mapped to RAM because it is too sparse
INFO: [Synth 8-5546] ROM "spriteROM[0][0][1]" won't be mapped to RAM because it is too sparse
---------------------------------------------------------------------------------
Finished Cross Boundary and Area Optimization : Time (s): cpu = 00:01:07 ; elapsed = 00:02:38 . Memory (MB): peak = 1308.176 ; gain = 765.051
---------------------------------------------------------------------------------
---------------------------------------------------------------------------------
Start ROM, RAM, DSP, Shift Register and Retiming Reporting
---------------------------------------------------------------------------------

ROM: Preliminary Mapping Report
+------------+---------------------+---------------+----------------+
|Module Name | RTL Object          | Depth x Width | Implemented As | 
+------------+---------------------+---------------+----------------+
|scopeFace   | spriteROM[0][0][0]  | 32x23         | LUT            | 
|scopeFace   | spriteROM[0][0][1]  | 32x23         | LUT            | 
|scopeFace   | spriteROM[0][0][2]  | 32x23         | LUT            | 
|scopeFace   | spriteROM[0][0][3]  | 32x23         | LUT            | 
|scopeFace   | spriteROM[0][0][4]  | 32x23         | LUT            | 
|scopeFace   | spriteROM[0][0][5]  | 32x23         | LUT            | 
|scopeFace   | spriteROM[0][0][6]  | 32x23         | LUT            | 
|scopeFace   | spriteROM[0][0][7]  | 32x23         | LUT            | 
|scopeFace   | spriteROM[0][0][8]  | 32x23         | LUT            | 
|scopeFace   | spriteROM[0][0][9]  | 32x22         | LUT            | 
|scopeFace   | spriteROM[0][0][10] | 32x22         | LUT            | 
|scopeFace   | spriteROM[0][0][11] | 32x22         | LUT            | 
|scopeFace   | spriteROM[0][0][12] | 32x22         | LUT            | 
|scopeFace   | spriteROM[0][0][0]  | 32x23         | LUT            | 
|scopeFace   | spriteROM[0][0][1]  | 32x24         | LUT            | 
|scopeFace   | spriteROM[0][0][2]  | 32x23         | LUT            | 
|scopeFace   | spriteROM[0][0][3]  | 32x24         | LUT            | 
|scopeFace   | spriteROM[0][0][4]  | 32x23         | LUT            | 
|scopeFace   | spriteROM[0][0][5]  | 32x23         | LUT            | 
|scopeFace   | spriteROM[0][0][6]  | 32x23         | LUT            | 
|scopeFace   | spriteROM[0][0][7]  | 32x22         | LUT            | 
|scopeFace   | spriteROM[0][0][8]  | 32x23         | LUT            | 
|scopeFace   | spriteROM[0][0][9]  | 32x23         | LUT            | 
|scopeFace   | spriteROM[0][0][10] | 32x23         | LUT            | 
|scopeFace   | spriteROM[0][0][11] | 32x21         | LUT            | 
|scopeFace   | spriteROM[0][0][12] | 32x24         | LUT            | 
|scopeFace   | spriteROM[0][0][13] | 32x24         | LUT            | 
|scopeFace   | spriteROM[0][0][14] | 32x23         | LUT            | 
|scopeFace   | spriteROM[0][0][15] | 32x23         | LUT            | 
|scopeFace   | spriteROM[0][0][4]  | 32x21         | LUT            | 
|scopeFace   | spriteROM[0][0][5]  | 32x24         | LUT            | 
|scopeFace   | spriteROM[0][0][6]  | 32x24         | LUT            | 
|scopeFace   | spriteROM[0][0][7]  | 32x23         | LUT            | 
|scopeFace   | spriteROM[0][0][8]  | 32x23         | LUT            | 
|scopeFace   | spriteROM[0][0][9]  | 32x24         | LUT            | 
|scopeFace   | spriteROM[0][0][10] | 32x23         | LUT            | 
|scopeFace   | spriteROM[0][0][11] | 32x23         | LUT            | 
|scopeFace   | spriteROM[0][0][12] | 32x23         | LUT            | 
|scopeFace   | spriteROM[0][0][13] | 32x24         | LUT            | 
|scopeFace   | spriteROM[0][0][14] | 32x24         | LUT            | 
|scopeFace   | spriteROM[0][0][15] | 32x23         | LUT            | 
|scopeFace   | spriteROM[0][0][16] | 32x22         | LUT            | 
|scopeFace   | spriteROM[0][0][0]  | 32x23         | LUT            | 
|scopeFace   | spriteROM[0][0][1]  | 32x23         | LUT            | 
|scopeFace   | spriteROM[0][0][2]  | 32x23         | LUT            | 
|scopeFace   | spriteROM[0][0][3]  | 32x23         | LUT            | 
|scopeFace   | spriteROM[0][0][4]  | 32x23         | LUT            | 
|scopeFace   | spriteROM[0][0][5]  | 32x23         | LUT            | 
|scopeFace   | spriteROM[0][0][6]  | 32x23         | LUT            | 
|scopeFace   | spriteROM[0][0][7]  | 32x23         | LUT            | 
|scopeFace   | spriteROM[0][0][8]  | 32x23         | LUT            | 
|scopeFace   | spriteROM[0][0][9]  | 32x22         | LUT            | 
|scopeFace   | spriteROM[0][0][10] | 32x22         | LUT            | 
|scopeFace   | spriteROM[0][0][11] | 32x22         | LUT            | 
|scopeFace   | spriteROM[0][0][12] | 32x22         | LUT            | 
|scopeFace   | spriteROM[0][0][0]  | 32x23         | LUT            | 
|scopeFace   | spriteROM[0][0][1]  | 32x24         | LUT            | 
|scopeFace   | spriteROM[0][0][2]  | 32x23         | LUT            | 
|scopeFace   | spriteROM[0][0][3]  | 32x24         | LUT            | 
|scopeFace   | spriteROM[0][0][4]  | 32x23         | LUT            | 
|scopeFace   | spriteROM[0][0][5]  | 32x23         | LUT            | 
|scopeFace   | spriteROM[0][0][6]  | 32x23         | LUT            | 
|scopeFace   | spriteROM[0][0][7]  | 32x22         | LUT            | 
|scopeFace   | spriteROM[0][0][8]  | 32x23         | LUT            | 
|scopeFace   | spriteROM[0][0][9]  | 32x23         | LUT            | 
|scopeFace   | spriteROM[0][0][10] | 32x23         | LUT            | 
|scopeFace   | spriteROM[0][0][11] | 32x21         | LUT            | 
|scopeFace   | spriteROM[0][0][12] | 32x24         | LUT            | 
|scopeFace   | spriteROM[0][0][13] | 32x24         | LUT            | 
|scopeFace   | spriteROM[0][0][14] | 32x23         | LUT            | 
|scopeFace   | spriteROM[0][0][15] | 32x23         | LUT            | 
|scopeFace   | spriteROM[0][0][4]  | 32x21         | LUT            | 
|scopeFace   | spriteROM[0][0][5]  | 32x24         | LUT            | 
|scopeFace   | spriteROM[0][0][6]  | 32x24         | LUT            | 
|scopeFace   | spriteROM[0][0][7]  | 32x23         | LUT            | 
|scopeFace   | spriteROM[0][0][8]  | 32x23         | LUT            | 
|scopeFace   | spriteROM[0][0][9]  | 32x24         | LUT            | 
|scopeFace   | spriteROM[0][0][10] | 32x23         | LUT            | 
|scopeFace   | spriteROM[0][0][11] | 32x23         | LUT            | 
|scopeFace   | spriteROM[0][0][12] | 32x23         | LUT            | 
|scopeFace   | spriteROM[0][0][13] | 32x24         | LUT            | 
|scopeFace   | spriteROM[0][0][14] | 32x24         | LUT            | 
|scopeFace   | spriteROM[0][0][15] | 32x23         | LUT            | 
|scopeFace   | spriteROM[0][0][16] | 32x22         | LUT            | 
|scopeFace   | spriteROM[0][0][0]  | 32x23         | LUT            | 
|scopeFace   | spriteROM[0][0][1]  | 32x23         | LUT            | 
|scopeFace   | spriteROM[0][0][2]  | 32x23         | LUT            | 
|scopeFace   | spriteROM[0][0][3]  | 32x23         | LUT            | 
|scopeFace   | spriteROM[0][0][4]  | 32x23         | LUT            | 
|scopeFace   | spriteROM[0][0][5]  | 32x23         | LUT            | 
|scopeFace   | spriteROM[0][0][6]  | 32x23         | LUT            | 
|scopeFace   | spriteROM[0][0][7]  | 32x23         | LUT            | 
|scopeFace   | spriteROM[0][0][8]  | 32x23         | LUT            | 
|scopeFace   | spriteROM[0][0][9]  | 32x22         | LUT            | 
|scopeFace   | spriteROM[0][0][10] | 32x22         | LUT            | 
|scopeFace   | spriteROM[0][0][11] | 32x22         | LUT            | 
|scopeFace   | spriteROM[0][0][12] | 32x22         | LUT            | 
|scopeFace   | spriteROM[0][0][4]  | 32x21         | LUT            | 
|scopeFace   | spriteROM[0][0][5]  | 32x24         | LUT            | 
|scopeFace   | spriteROM[0][0][6]  | 32x24         | LUT            | 
|scopeFace   | spriteROM[0][0][7]  | 32x23         | LUT            | 
|scopeFace   | spriteROM[0][0][8]  | 32x23         | LUT            | 
|scopeFace   | spriteROM[0][0][9]  | 32x24         | LUT            | 
|scopeFace   | spriteROM[0][0][10] | 32x23         | LUT            | 
|scopeFace   | spriteROM[0][0][11] | 32x23         | LUT            | 
|scopeFace   | spriteROM[0][0][12] | 32x23         | LUT            | 
|scopeFace   | spriteROM[0][0][13] | 32x24         | LUT            | 
|scopeFace   | spriteROM[0][0][14] | 32x24         | LUT            | 
|scopeFace   | spriteROM[0][0][15] | 32x23         | LUT            | 
|scopeFace   | spriteROM[0][0][16] | 32x22         | LUT            | 
|scopeFace   | spriteROM[0][0][1]  | 32x21         | LUT            | 
|scopeFace   | spriteROM[0][0][2]  | 32x22         | LUT            | 
|scopeFace   | spriteROM[0][0][3]  | 32x24         | LUT            | 
|scopeFace   | spriteROM[0][0][4]  | 32x22         | LUT            | 
|scopeFace   | spriteROM[0][0][5]  | 32x23         | LUT            | 
|scopeFace   | spriteROM[0][0][6]  | 32x21         | LUT            | 
|scopeFace   | spriteROM[0][0][7]  | 32x22         | LUT            | 
|scopeFace   | spriteROM[0][0][8]  | 32x22         | LUT            | 
|scopeFace   | spriteROM[0][0][10] | 32x24         | LUT            | 
|scopeFace   | spriteROM[0][0][11] | 32x22         | LUT            | 
|scopeFace   | spriteROM[0][0][12] | 32x23         | LUT            | 
|scopeFace   | spriteROM[0][0][13] | 32x23         | LUT            | 
|scopeFace   | spriteROM[0][0][14] | 32x23         | LUT            | 
|scopeFace   | spriteROM[0][0][1]  | 32x24         | LUT            | 
|scopeFace   | spriteROM[0][0][2]  | 32x24         | LUT            | 
|scopeFace   | spriteROM[0][0][3]  | 32x24         | LUT            | 
|scopeFace   | spriteROM[0][0][4]  | 32x24         | LUT            | 
|scopeFace   | spriteROM[0][0][5]  | 32x24         | LUT            | 
|scopeFace   | spriteROM[0][0][6]  | 32x22         | LUT            | 
|scopeFace   | spriteROM[0][0][7]  | 32x22         | LUT            | 
|scopeFace   | spriteROM[0][0][8]  | 32x22         | LUT            | 
|scopeFace   | spriteROM[0][0][9]  | 32x23         | LUT            | 
|scopeFace   | spriteROM[0][0][10] | 32x23         | LUT            | 
|scopeFace   | spriteROM[0][0][11] | 32x24         | LUT            | 
|scopeFace   | spriteROM[0][0][12] | 32x20         | LUT            | 
|scopeFace   | spriteROM[0][0][13] | 32x20         | LUT            | 
|scopeFace   | spriteROM[0][0][14] | 32x22         | LUT            | 
|scopeFace   | spriteROM[0][0][15] | 32x19         | LUT            | 
|scopeFace   | spriteROM[0][0][1]  | 32x21         | LUT            | 
|scopeFace   | spriteROM[0][0][2]  | 32x22         | LUT            | 
|scopeFace   | spriteROM[0][0][3]  | 32x24         | LUT            | 
|scopeFace   | spriteROM[0][0][4]  | 32x22         | LUT            | 
|scopeFace   | spriteROM[0][0][5]  | 32x23         | LUT            | 
|scopeFace   | spriteROM[0][0][6]  | 32x21         | LUT            | 
|scopeFace   | spriteROM[0][0][7]  | 32x22         | LUT            | 
|scopeFace   | spriteROM[0][0][8]  | 32x22         | LUT            | 
|scopeFace   | spriteROM[0][0][10] | 32x24         | LUT            | 
|scopeFace   | spriteROM[0][0][11] | 32x22         | LUT            | 
|scopeFace   | spriteROM[0][0][12] | 32x23         | LUT            | 
|scopeFace   | spriteROM[0][0][13] | 32x23         | LUT            | 
|scopeFace   | spriteROM[0][0][14] | 32x23         | LUT            | 
|scopeFace   | spriteROM[0][0][1]  | 32x24         | LUT            | 
|scopeFace   | spriteROM[0][0][2]  | 32x24         | LUT            | 
|scopeFace   | spriteROM[0][0][3]  | 32x24         | LUT            | 
|scopeFace   | spriteROM[0][0][4]  | 32x24         | LUT            | 
|scopeFace   | spriteROM[0][0][5]  | 32x24         | LUT            | 
|scopeFace   | spriteROM[0][0][6]  | 32x22         | LUT            | 
|scopeFace   | spriteROM[0][0][7]  | 32x22         | LUT            | 
|scopeFace   | spriteROM[0][0][8]  | 32x22         | LUT            | 
|scopeFace   | spriteROM[0][0][9]  | 32x23         | LUT            | 
|scopeFace   | spriteROM[0][0][10] | 32x23         | LUT            | 
|scopeFace   | spriteROM[0][0][11] | 32x24         | LUT            | 
|scopeFace   | spriteROM[0][0][12] | 32x20         | LUT            | 
|scopeFace   | spriteROM[0][0][13] | 32x20         | LUT            | 
|scopeFace   | spriteROM[0][0][14] | 32x22         | LUT            | 
|scopeFace   | spriteROM[0][0][15] | 32x19         | LUT            | 
+------------+---------------------+---------------+----------------+

---------------------------------------------------------------------------------
Finished ROM, RAM, DSP, Shift Register and Retiming Reporting
---------------------------------------------------------------------------------
---------------------------------------------------------------------------------
Start Applying XDC Timing Constraints
---------------------------------------------------------------------------------
---------------------------------------------------------------------------------
Finished Applying XDC Timing Constraints : Time (s): cpu = 00:01:11 ; elapsed = 00:02:46 . Memory (MB): peak = 1380.762 ; gain = 837.637
---------------------------------------------------------------------------------
---------------------------------------------------------------------------------
Start Timing Optimization
---------------------------------------------------------------------------------
---------------------------------------------------------------------------------
Finished Timing Optimization : Time (s): cpu = 00:01:13 ; elapsed = 00:02:50 . Memory (MB): peak = 1410.219 ; gain = 867.094
---------------------------------------------------------------------------------
---------------------------------------------------------------------------------
Start Technology Mapping
---------------------------------------------------------------------------------
---------------------------------------------------------------------------------
Finished Technology Mapping : Time (s): cpu = 00:01:14 ; elapsed = 00:03:04 . Memory (MB): peak = 1423.188 ; gain = 880.062
---------------------------------------------------------------------------------
---------------------------------------------------------------------------------
Start IO Insertion
---------------------------------------------------------------------------------
---------------------------------------------------------------------------------
Start Flattening Before IO Insertion
---------------------------------------------------------------------------------
---------------------------------------------------------------------------------
Finished Flattening Before IO Insertion
---------------------------------------------------------------------------------
---------------------------------------------------------------------------------
Start Final Netlist Cleanup
---------------------------------------------------------------------------------
---------------------------------------------------------------------------------
Finished Final Netlist Cleanup
---------------------------------------------------------------------------------
---------------------------------------------------------------------------------
Finished IO Insertion : Time (s): cpu = 00:01:18 ; elapsed = 00:03:11 . Memory (MB): peak = 1597.480 ; gain = 1054.355
---------------------------------------------------------------------------------
---------------------------------------------------------------------------------
Start Renaming Generated Instances
---------------------------------------------------------------------------------
---------------------------------------------------------------------------------
Finished Renaming Generated Instances : Time (s): cpu = 00:01:18 ; elapsed = 00:03:11 . Memory (MB): peak = 1597.480 ; gain = 1054.355
---------------------------------------------------------------------------------
---------------------------------------------------------------------------------
Start Rebuilding User Hierarchy
---------------------------------------------------------------------------------
---------------------------------------------------------------------------------
Finished Rebuilding User Hierarchy : Time (s): cpu = 00:01:19 ; elapsed = 00:03:13 . Memory (MB): peak = 1597.480 ; gain = 1054.355
---------------------------------------------------------------------------------
---------------------------------------------------------------------------------
Start Renaming Generated Ports
---------------------------------------------------------------------------------
---------------------------------------------------------------------------------
Finished Renaming Generated Ports : Time (s): cpu = 00:01:19 ; elapsed = 00:03:14 . Memory (MB): peak = 1597.480 ; gain = 1054.355
---------------------------------------------------------------------------------
---------------------------------------------------------------------------------
Start Handling Custom Attributes
---------------------------------------------------------------------------------
---------------------------------------------------------------------------------
Finished Handling Custom Attributes : Time (s): cpu = 00:01:19 ; elapsed = 00:03:14 . Memory (MB): peak = 1597.480 ; gain = 1054.355
---------------------------------------------------------------------------------
---------------------------------------------------------------------------------
Start Renaming Generated Nets
---------------------------------------------------------------------------------
---------------------------------------------------------------------------------
Finished Renaming Generated Nets : Time (s): cpu = 00:01:19 ; elapsed = 00:03:14 . Memory (MB): peak = 1597.480 ; gain = 1054.355
---------------------------------------------------------------------------------
---------------------------------------------------------------------------------
Start Writing Synthesis Report
---------------------------------------------------------------------------------

Report BlackBoxes: 
+-+--------------+----------+
| |BlackBox name |Instances |
+-+--------------+----------+
+-+--------------+----------+

Report Cell Usage: 
+------+-----------+------+
|      |Cell       |Count |
+------+-----------+------+
|1     |BUFG       |     4|
|2     |CARRY4     |   122|
|3     |LUT1       |    45|
|4     |LUT2       |   548|
|5     |LUT3       |   514|
|6     |LUT4       |   603|
|7     |LUT5       |  4679|
|8     |LUT6       |  3806|
|9     |MMCME2_ADV |     1|
|10    |MUXF7      |  1404|
|11    |MUXF8      |    22|
|12    |ODDR2      |     4|
|13    |FDRE       |  1275|
|14    |FDSE       |     6|
|15    |IBUF       |     1|
|16    |OBUFDS     |     4|
+------+-----------+------+
---------------------------------------------------------------------------------
Finished Writing Synthesis Report : Time (s): cpu = 00:01:20 ; elapsed = 00:03:14 . Memory (MB): peak = 1597.480 ; gain = 1054.355
---------------------------------------------------------------------------------
Synthesis finished with 0 errors, 0 critical warnings and 6 warnings.
Synthesis Optimization Runtime : Time (s): cpu = 00:00:56 ; elapsed = 00:03:04 . Memory (MB): peak = 1597.480 ; gain = 962.645
Synthesis Optimization Complete : Time (s): cpu = 00:01:20 ; elapsed = 00:03:16 . Memory (MB): peak = 1597.480 ; gain = 1054.355
INFO: [Project 1-571] Translating synthesized netlist
Netlist sorting complete. Time (s): cpu = 00:00:00 ; elapsed = 00:00:00.162 . Memory (MB): peak = 1597.480 ; gain = 0.000
INFO: [Netlist 29-17] Analyzing 1557 Unisim elements for replacement
WARNING: [Netlist 29-151] Pin 'C1' on instance 'U0/frogger1_slave_lite_v1_0_S00_AXI_inst/froggerGraphics/inst_dvid/ODDR2_blue' of cell type 'ODDR2' does not have an equivalent function on the new cell type 'ODDR'. Net 'clk_out3' that is connected to this pin will not be connected to the replacement instance.
WARNING: [Netlist 29-151] Pin 'C1' on instance 'U0/frogger1_slave_lite_v1_0_S00_AXI_inst/froggerGraphics/inst_dvid/ODDR2_clock' of cell type 'ODDR2' does not have an equivalent function on the new cell type 'ODDR'. Net 'clk_out3' that is connected to this pin will not be connected to the replacement instance.
WARNING: [Netlist 29-151] Pin 'C1' on instance 'U0/frogger1_slave_lite_v1_0_S00_AXI_inst/froggerGraphics/inst_dvid/ODDR2_green' of cell type 'ODDR2' does not have an equivalent function on the new cell type 'ODDR'. Net 'clk_out3' that is connected to this pin will not be connected to the replacement instance.
WARNING: [Netlist 29-151] Pin 'C1' on instance 'U0/frogger1_slave_lite_v1_0_S00_AXI_inst/froggerGraphics/inst_dvid/ODDR2_red' of cell type 'ODDR2' does not have an equivalent function on the new cell type 'ODDR'. Net 'clk_out3' that is connected to this pin will not be connected to the replacement instance.
INFO: [Netlist 29-28] Unisim Transformation completed in 0 CPU seconds
INFO: [Project 1-570] Preparing netlist for logic optimization
INFO: [Opt 31-138] Pushed 0 inverter(s) to 0 load pin(s).
Netlist sorting complete. Time (s): cpu = 00:00:00 ; elapsed = 00:00:00.004 . Memory (MB): peak = 1617.422 ; gain = 0.000
INFO: [Project 1-111] Unisim Transformation Summary:
  A total of 8 instances were transformed.
  OBUFDS => OBUFDS_DUAL_BUF (INV, OBUFDS(x2)): 4 instances
  ODDR2 => ODDR: 4 instances

Synth Design complete | Checksum: 60bd5432
INFO: [Common 17-83] Releasing license: Synthesis
212 Infos, 157 Warnings, 0 Critical Warnings and 0 Errors encountered.
synth_design completed successfully
synth_design: Time (s): cpu = 00:01:27 ; elapsed = 00:03:29 . Memory (MB): peak = 1617.422 ; gain = 1309.445
Write ShapeDB Complete: Time (s): cpu = 00:00:00 ; elapsed = 00:00:00.062 . Memory (MB): peak = 1617.422 ; gain = 0.000
INFO: [Common 17-1381] The checkpoint 'C:/ece383/Final_Project/Final_Project.runs/Final_Project_frogger1_0_0_synth_1/Final_Project_frogger1_0_0.dcp' has been generated.
write_vhdl: Time (s): cpu = 00:00:03 ; elapsed = 00:00:06 . Memory (MB): peak = 1617.422 ; gain = 0.000
INFO: [Coretcl 2-1648] Added synthesis output to IP cache for IP Final_Project_frogger1_0_0, cache-ID = e6740459c429790c
INFO: [Coretcl 2-1174] Renamed 13 cell refs.
Write ShapeDB Complete: Time (s): cpu = 00:00:00 ; elapsed = 00:00:00.070 . Memory (MB): peak = 1617.422 ; gain = 0.000
INFO: [Common 17-1381] The checkpoint 'C:/ece383/Final_Project/Final_Project.runs/Final_Project_frogger1_0_0_synth_1/Final_Project_frogger1_0_0.dcp' has been generated.
INFO: [Vivado 12-24828] Executing command : report_utilization -file Final_Project_frogger1_0_0_utilization_synth.rpt -pb Final_Project_frogger1_0_0_utilization_synth.pb
write_vhdl: Time (s): cpu = 00:00:03 ; elapsed = 00:00:06 . Memory (MB): peak = 1617.422 ; gain = 0.000
INFO: [Common 17-206] Exiting Vivado at Wed May  7 21:21:07 2025...
