#-----------------------------------------------------------
# Vivado v2024.2 (64-bit)
# SW Build 5239630 on Fri Nov 08 22:35:27 MST 2024
# IP Build 5239520 on Sun Nov 10 16:12:51 MST 2024
# SharedData Build 5239561 on Fri Nov 08 14:39:27 MST 2024
# Start of session at: Fri Feb 28 07:49:13 2025
# Process ID         : 8592
# Current directory  : C:/Users/Grantham.Zimmerman/Desktop/ece383/Lab2/Lab2.runs/synth_1
# Command line       : vivado.exe -log lab2.vds -product Vivado -mode batch -messageDb vivado.pb -notrace -source lab2.tcl
# Log file           : C:/Users/Grantham.Zimmerman/Desktop/ece383/Lab2/Lab2.runs/synth_1/lab2.vds
# Journal file       : C:/Users/Grantham.Zimmerman/Desktop/ece383/Lab2/Lab2.runs/synth_1\vivado.jou
# Running On         : C26-5CG2151LB4
# Platform           : Windows Server 2016 or Windows 10
# Operating System   : 22631
# Processor Detail   : 11th Gen Intel(R) Core(TM) i7-1165G7 @ 2.80GHz
# CPU Frequency      : 2803 MHz
# CPU Physical cores : 4
# CPU Logical cores  : 8
# Host memory        : 16425 MB
# Swap memory        : 9663 MB
# Total Virtual      : 26089 MB
# Available Virtual  : 9130 MB
#-----------------------------------------------------------
source lab2.tcl -notrace
