#-----------------------------------------------------------
# Vivado v2024.2 (64-bit)
# SW Build 5239630 on Fri Nov 08 22:35:27 MST 2024
# IP Build 5239520 on Sun Nov 10 16:12:51 MST 2024
# SharedData Build 5239561 on Fri Nov 08 14:39:27 MST 2024
# Start of session at: Thu May  8 11:43:42 2025
# Process ID         : 20632
# Current directory  : C:/ece383/Lab4
# Command line       : vivado.exe -gui_launcher_event rodinguilauncherevent20616 C:\ece383\Lab4\Lab4.xpr
# Log file           : C:/ece383/Lab4/vivado.log
# Journal file       : C:/ece383/Lab4\vivado.jou
# Running On         : C26-5CG2151LB4
# Platform           : Windows Server 2016 or Windows 10
# Operating System   : 22631
# Processor Detail   : 11th Gen Intel(R) Core(TM) i7-1165G7 @ 2.80GHz
# CPU Frequency      : 2803 MHz
# CPU Physical cores : 4
# CPU Logical cores  : 8
# Host memory        : 16425 MB
# Swap memory        : 11469 MB
# Total Virtual      : 27895 MB
# Available Virtual  : 4307 MB
#-----------------------------------------------------------
start_gui
open_project C:/ece383/Lab4/Lab4.xpr
INFO: [Project 1-313] Project file moved from 'C:/383/ece383-lab4' since last save.
WARNING: [filemgmt 56-3] Board Part Repository Path: Could not find the directory 'C:/Users/jimmi/AppData/Roaming/Xilinx/Vivado/2024.2/xhub/board_store/xilinx_board_store'.
CRITICAL WARNING: [Project 1-311] Could not find the file 'C:/ece383/Lab4/Interpolate_tb_behav.wcfg', nor could it be found using path 'C:/383/ece383-lab4/Interpolate_tb_behav.wcfg'.
CRITICAL WARNING: [Project 1-311] Could not find the file 'C:/ece383/Lab4/IndexOffsetReg_tb_behav.wcfg', nor could it be found using path 'C:/383/ece383-lab4/IndexOffsetReg_tb_behav.wcfg'.
CRITICAL WARNING: [Project 1-311] Could not find the file 'C:/ece383/Lab4/Amplify_tb_behav1.wcfg', nor could it be found using path 'C:/383/ece383-lab4/Amplify_tb_behav1.wcfg'.
Scanning sources...
Finished scanning sources
INFO: [IP_Flow 19-234] Refreshing IP repositories
INFO: [IP_Flow 19-1704] No user IP repositories specified
INFO: [IP_Flow 19-2313] Loaded Vivado IP repository 'C:/Xilinx2/Vivado/2024.2/data/ip'.
open_project: Time (s): cpu = 00:00:04 ; elapsed = 00:00:08 . Memory (MB): peak = 1125.023 ; gain = 84.645
