
*** Running vivado
    with args -log Final_Project_dlmb_v10_0.vds -m64 -product Vivado -mode batch -messageDb vivado.pb -notrace -source Final_Project_dlmb_v10_0.tcl



****** Vivado v2024.2 (64-bit)
  **** SW Build 5239630 on Fri Nov 08 22:35:27 MST 2024
  **** IP Build 5239520 on Sun Nov 10 16:12:51 MST 2024
  **** SharedData Build 5239561 on Fri Nov 08 14:39:27 MST 2024
  **** Start of session at: Wed May  7 21:17:12 2025
    ** Copyright 1986-2022 Xilinx, Inc. All Rights Reserved.
    ** Copyright 2022-2024 Advanced Micro Devices, Inc. All Rights Reserved.

source Final_Project_dlmb_v10_0.tcl -notrace
INFO: [IP_Flow 19-234] Refreshing IP repositories
INFO: [IP_Flow 19-1700] Loaded user IP repository 'c:/ece383/ip_repo/frogger1_1_0'.
INFO: [IP_Flow 19-2313] Loaded Vivado IP repository 'C:/Xilinx2/Vivado/2024.2/data/ip'.
INFO: [IP_Flow 19-6924] IPCACHE: Running cache check for IP inst: Final_Project_dlmb_v10_0
INFO: [IP_Flow 19-6922] IPCACHE: Exporting cached entry 543634ee8af16d5b to dir: C:/ece383/Final_Project/Final_Project.runs/Final_Project_dlmb_v10_0_synth_1
INFO: [IP_Flow 19-6928] IPCACHE: copied cached file c:/ece383/Final_Project/Final_Project.cache/ip/2024.2/5/4/543634ee8af16d5b/Final_Project_ilmb_v10_0.dcp to C:/ece383/Final_Project/Final_Project.runs/Final_Project_dlmb_v10_0_synth_1/Final_Project_dlmb_v10_0.dcp.
INFO: [IP_Flow 19-6928] IPCACHE: copied cached file c:/ece383/Final_Project/Final_Project.cache/ip/2024.2/5/4/543634ee8af16d5b/Final_Project_ilmb_v10_0_sim_netlist.v to C:/ece383/Final_Project/Final_Project.runs/Final_Project_dlmb_v10_0_synth_1/Final_Project_dlmb_v10_0_sim_netlist.v.
INFO: [IP_Flow 19-6928] IPCACHE: copied cached file c:/ece383/Final_Project/Final_Project.cache/ip/2024.2/5/4/543634ee8af16d5b/Final_Project_ilmb_v10_0_sim_netlist.vhdl to C:/ece383/Final_Project/Final_Project.runs/Final_Project_dlmb_v10_0_synth_1/Final_Project_dlmb_v10_0_sim_netlist.vhdl.
INFO: [IP_Flow 19-6928] IPCACHE: copied cached file c:/ece383/Final_Project/Final_Project.cache/ip/2024.2/5/4/543634ee8af16d5b/Final_Project_ilmb_v10_0_stub.v to C:/ece383/Final_Project/Final_Project.runs/Final_Project_dlmb_v10_0_synth_1/Final_Project_dlmb_v10_0_stub.v.
INFO: [IP_Flow 19-6928] IPCACHE: copied cached file c:/ece383/Final_Project/Final_Project.cache/ip/2024.2/5/4/543634ee8af16d5b/Final_Project_ilmb_v10_0_stub.vhdl to C:/ece383/Final_Project/Final_Project.runs/Final_Project_dlmb_v10_0_synth_1/Final_Project_dlmb_v10_0_stub.vhdl.
INFO: [IP_Flow 19-4838] Using cached IP synthesis design for IP Final_Project_dlmb_v10_0, cache-ID = 543634ee8af16d5b.
INFO: [Common 17-206] Exiting Vivado at Wed May  7 21:17:22 2025...
