#-----------------------------------------------------------
# Vivado v2024.2 (64-bit)
# SW Build 5239630 on Fri Nov 08 22:35:27 MST 2024
# IP Build 5239520 on Sun Nov 10 16:12:51 MST 2024
# SharedData Build 5239561 on Fri Nov 08 14:39:27 MST 2024
# Start of session at: Mon May  5 17:28:27 2025
# Process ID         : 5444
# Current directory  : C:/ece383/Final_Project
# Command line       : vivado.exe -gui_launcher_event rodinguilauncherevent21284 C:\ece383\Final_Project\Final_Project.xpr
# Log file           : C:/ece383/Final_Project/vivado.log
# Journal file       : C:/ece383/Final_Project\vivado.jou
# Running On         : C26-5CG2151LB4
# Platform           : Windows Server 2016 or Windows 10
# Operating System   : 22631
# Processor Detail   : 11th Gen Intel(R) Core(TM) i7-1165G7 @ 2.80GHz
# CPU Frequency      : 2803 MHz
# CPU Physical cores : 4
# CPU Logical cores  : 8
# Host memory        : 16425 MB
# Swap memory        : 12348 MB
# Total Virtual      : 28773 MB
# Available Virtual  : 9644 MB
#-----------------------------------------------------------
start_gui
open_project C:/ece383/Final_Project/Final_Project.xpr
INFO: [filemgmt 56-3] Default IP Output Path : Could not find the directory 'C:/ece383/Final_Project/Final_Project.gen/sources_1'.
Scanning sources...
Finished scanning sources
INFO: [IP_Flow 19-234] Refreshing IP repositories
INFO: [IP_Flow 19-1704] No user IP repositories specified
INFO: [IP_Flow 19-2313] Loaded Vivado IP repository 'C:/Xilinx2/Vivado/2024.2/data/ip'.
open_project: Time (s): cpu = 00:00:09 ; elapsed = 00:00:06 . Memory (MB): peak = 1088.527 ; gain = 41.891
update_compile_order -fileset sources_1
exit
INFO: [Common 17-206] Exiting Vivado at Mon May  5 20:55:36 2025...
