case__32: 
muxpart__19: 
logic__322: 
datapath__20: 
reg__17: 
logic__12: 
logic__294: 
logic__288: 
logic__141: 
datapath__38: 
case__21: 
signinv__1: 
case__68: 
reg__54: 
logic__173: 
logic__75: 
case__46: 
logic__187: 
logic__160: 
datapath__42: 
logic__231: 
unimacro_BRAM_SDP_MACRO__parameterized1: 
datapath__4: 
case__49: 
reg__59: 
datapath__17: 
case__78: 
muxpart__1: 
case__79: 
datapath__5: 
datapath__23: 
case__30: 
datapath__13: 
case__36: 
reg__3: 
datapath__43: 
datapath__2: 
logic__56: 
case__91: 
case__55: 
logic__104: 
WrEnbMux: 
case__73: 
lab2: 
logic__281: 
case__63: 
datapath__16: 
reg__43: 
case__59: 
scopeFace: 
case__34: 
logic__197: 
counter__4: 
logic__217: 
muxpart__6: 
logic__4: 
logic__214: 
datapath__29: 
logic__307: 
logic__102: 
logic__101: 
reg__15: 
addsub__1: 
reg__49: 
datapath__8: 
TWICtl: 
datapath__65: 
logic__316: 
datapath__22: 
logic__209: 
reg__14: 
audio_init: 
logic__82: 
logic__138: 
reg__24: 
datapath__32: 
case__102: 
unimacro_BRAM_SDP_MACRO__parameterized2: 
datapath__41: 
logic__303: 
datapath: 
case__14: 
reg__34: 
signinv: 
reg__60: 
case__22: 
muxpart__4: 
logic__213: 
reg__50: 
WrAddrMux: 
datapath__3: 
case: 
datapath__54: 
case__69: 
logic__83: 
logic__180: 
muxpart__18: 
counter: 
case__29: 
reg__12: 
logic__124: 
case__51: 
logic__319: 
VGA: 
logic__164: 
datapath__53: 
datapath__11: 
reg__41: 
logic__295: 
datapath__39: 
case__37: 
logic__212: 
datapath__37: 
logic__111: 
case__12: 
case__66: 
case__99: 
logic__125: 
case__28: 
logic__66: 
case__77: 
case__67: 
DinMux: 
reg__45: 
counter__6: 
datapath__27: 
case__6: 
datapath__35: 
reg__64: 
datapath__26: 
logic__263: 
logic__91: 
reg__63: 
case__80: 
case__20: 
reg__51: 
logic__84: 
reg__33: 
logic__87: 
logic__198: 
logic__270: 
case__81: 
counter__8: 
logic__97: 
reg__57: 
case__15: 
reg__65: 
case__87: 
logic__269: 
datapath__57: 
video: 
case__64: 
case__2: 
reg__32: 
muxpart__9: 
logic__79: 
logic__283: 
case__18: 
logic__95: 
logic__105: 
datapath__21: 
reg__42: 
logic__88: 
datapath__44: 
case__75: 
logic__132: 
reg__36: 
reg__40: 
datapath__31: 
reg__4: 
logic__62: 
case__26: 
datapath__48: 
logic__162: 
logic__90: 
muxpart__17: 
reg__1: 
datapath__56: 
unimacro_BRAM_SDP_MACRO: 
reg__21: 
case__10: 
logic__266: 
reg__6: 
logic__161: 
datapath__25: 
reg__58: 
logic__100: 
muxpart__8: 
reg: 
logic__199: 
datapath__7: 
case__42: 
logic__65: 
logic__326: 
case__101: 
datapath__18: 
reg__53: 
datapath__66: 
logic__268: 
reg__29: 
logic__193: 
i2s_ctl: 
case__1: 
logic__285: 
logic__186: 
counter__5: 
case__7: 
logic__93: 
case__45: 
reg__28: 
logic__279: 
reg__23: 
datapath__28: 
case__61: 
case__83: 
logic__275: 
case__65: 
reg__5: 
counter__3: 
logic__70: 
logic__169: 
logic__287: 
muxpart__22: 
case__56: 
muxpart__7: 
case__3: 
logic__313: 
datapath__36: 
dvid: 
reg__9: 
case__89: 
reg__61: 
logic__103: 
logic__308: 
logic__332: 
logic__92: 
logic__329: 
datapath__61: 
logic__274: 
logic__89: 
datapath__12: 
case__11: 
case__17: 
datapath__19: 
logic__163: 
logic__273: 
case__58: 
logic__85: 
case__9: 
muxpart__11: 
muxpart__12: 
muxpart__2: 
logic__94: 
counter__7: 
reg__56: 
counter__parameterized1: 
reg__66: 
logic__204: 
reg__2: 
datapath__47: 
TDMS_encoder: 
datapath__49: 
datapath__46: 
reg__55: 
logic__271: 
logic__190: 
logic__338: 
reg__48: 
datapath__10: 
case__38: 
logic__8: 
muxpart__13: 
logic__69: 
datapath__59: 
case__25: 
FlagRegister: 
case__27: 
reg__46: 
datapath__9: 
datapath__40: 
datapath__34: 
datapath__6: 
reg__30: 
case__62: 
reg__44: 
case__88: 
reg__11: 
case__4: 
reg__35: 
datapath__52: 
logic__265: 
logic__247: 
reg__7: 
datapath__62: 
logic__284: 
reg__27: 
lab2_datapath: 
logic: 
logic__286: 
case__23: 
reg__19: 
reg__22: 
case__82: 
reg__39: 
case__8: 
case__31: 
datapath__30: 
logic__1: 
logic__280: 
case__70: 
muxpart__16: 
datapath__1: 
logic__80: 
logic__73: 
muxpart__15: 
datapath__15: 
case__16: 
case__47: 
logic__310: 
case__84: 
logic__282: 
datapath__55: 
reg__31: 
reg__37: 
logic__185: 
logic__81: 
logic__135: 
case__33: 
reg__25: 
logic__210: 
logic__302: 
datapath__50: 
case__50: 
muxpart__3: 
muxpart__14: 
muxpart: 
datapath__45: 
logic__335: 
logic__106: 
logic__194: 
unimacro_BRAM_SDP_MACRO__parameterized0: 
logic__267: 
muxpart__10: 
reg__38: 
case__71: 
case__35: 
muxpart__21: 
case__86: 
logic__172: 
logic__218: 
case__48: 
datapath__51: 
addsub: 
logic__179: 
datapath__58: 
case__19: 
counter__1: 
case__52: 
datapath__33: 
datapath__60: 
case__24: 
logic__219: 
case__74: 
Audio_Codec_Wrapper: 
reg__47: 
reg__52: 
case__76: 
lab2_fsm: 
muxpart__24: 
logic__264: 
logic__96: 
logic__35: 
logic__15: 
reg__26: 
reg__18: 
logic__211: 
counter__2: 
reg__20: 
case__53: 
logic__272: 
datapath__24: 
logic__325: 
reg__8: 
reg__10: 
logic__306: 
case__44: 
case__85: 
case__5: 
reg__16: 
synchronize: 
logic__178: 
logic__309: 
case__40: 
case__13: 
reg__62: 
case__57: 
case__43: 
logic__342: 
case__54: 
case__39: 
datapath__68: 
datapath__64: 
case__60: 
muxpart__5: 
logic__299: 
case__41: 
datapath__63: 
logic__296: 
datapath__67: 
logic__86: 
logic__5: 
lec10: 
logic__278: 
logic__59: 
datapath__14: 
reg__13: 
